Archive member included to satisfy reference by file (symbol)

c:/st/stm32cubeide_1.7.0/stm32cubeide/plugins/com.st.stm32cube.ide.mcu.externaltools.gnu-tools-for-stm32.9-2020-q2-update.win32_2.0.0.202105311346/tools/bin/../lib/gcc/arm-none-eabi/9.3.1/../../../../arm-none-eabi/lib/thumb/v6-m/nofp\libc_nano.a(lib_a-errno.o)
                              ./Core/Src/syscalls.o (__errno)
c:/st/stm32cubeide_1.7.0/stm32cubeide/plugins/com.st.stm32cube.ide.mcu.externaltools.gnu-tools-for-stm32.9-2020-q2-update.win32_2.0.0.202105311346/tools/bin/../lib/gcc/arm-none-eabi/9.3.1/../../../../arm-none-eabi/lib/thumb/v6-m/nofp\libc_nano.a(lib_a-exit.o)
                              c:/st/stm32cubeide_1.7.0/stm32cubeide/plugins/com.st.stm32cube.ide.mcu.externaltools.gnu-tools-for-stm32.9-2020-q2-update.win32_2.0.0.202105311346/tools/bin/../lib/gcc/arm-none-eabi/9.3.1/../../../../arm-none-eabi/lib/thumb/v6-m/nofp/crt0.o (exit)
c:/st/stm32cubeide_1.7.0/stm32cubeide/plugins/com.st.stm32cube.ide.mcu.externaltools.gnu-tools-for-stm32.9-2020-q2-update.win32_2.0.0.202105311346/tools/bin/../lib/gcc/arm-none-eabi/9.3.1/../../../../arm-none-eabi/lib/thumb/v6-m/nofp\libc_nano.a(lib_a-impure.o)
                              c:/st/stm32cubeide_1.7.0/stm32cubeide/plugins/com.st.stm32cube.ide.mcu.externaltools.gnu-tools-for-stm32.9-2020-q2-update.win32_2.0.0.202105311346/tools/bin/../lib/gcc/arm-none-eabi/9.3.1/../../../../arm-none-eabi/lib/thumb/v6-m/nofp\libc_nano.a(lib_a-exit.o) (_global_impure_ptr)
c:/st/stm32cubeide_1.7.0/stm32cubeide/plugins/com.st.stm32cube.ide.mcu.externaltools.gnu-tools-for-stm32.9-2020-q2-update.win32_2.0.0.202105311346/tools/bin/../lib/gcc/arm-none-eabi/9.3.1/../../../../arm-none-eabi/lib/thumb/v6-m/nofp\libc_nano.a(lib_a-init.o)
                              c:/st/stm32cubeide_1.7.0/stm32cubeide/plugins/com.st.stm32cube.ide.mcu.externaltools.gnu-tools-for-stm32.9-2020-q2-update.win32_2.0.0.202105311346/tools/bin/../lib/gcc/arm-none-eabi/9.3.1/../../../../arm-none-eabi/lib/thumb/v6-m/nofp/crt0.o (__libc_init_array)
c:/st/stm32cubeide_1.7.0/stm32cubeide/plugins/com.st.stm32cube.ide.mcu.externaltools.gnu-tools-for-stm32.9-2020-q2-update.win32_2.0.0.202105311346/tools/bin/../lib/gcc/arm-none-eabi/9.3.1/../../../../arm-none-eabi/lib/thumb/v6-m/nofp\libc_nano.a(lib_a-memset.o)
                              c:/st/stm32cubeide_1.7.0/stm32cubeide/plugins/com.st.stm32cube.ide.mcu.externaltools.gnu-tools-for-stm32.9-2020-q2-update.win32_2.0.0.202105311346/tools/bin/../lib/gcc/arm-none-eabi/9.3.1/../../../../arm-none-eabi/lib/thumb/v6-m/nofp/crt0.o (memset)
c:/st/stm32cubeide_1.7.0/stm32cubeide/plugins/com.st.stm32cube.ide.mcu.externaltools.gnu-tools-for-stm32.9-2020-q2-update.win32_2.0.0.202105311346/tools/bin/../lib/gcc/arm-none-eabi/9.3.1/thumb/v6-m/nofp\libgcc.a(_udivsi3.o)
                              ./Core/Src/bsp.o (__aeabi_uidiv)
c:/st/stm32cubeide_1.7.0/stm32cubeide/plugins/com.st.stm32cube.ide.mcu.externaltools.gnu-tools-for-stm32.9-2020-q2-update.win32_2.0.0.202105311346/tools/bin/../lib/gcc/arm-none-eabi/9.3.1/thumb/v6-m/nofp\libgcc.a(_dvmd_tls.o)
                              c:/st/stm32cubeide_1.7.0/stm32cubeide/plugins/com.st.stm32cube.ide.mcu.externaltools.gnu-tools-for-stm32.9-2020-q2-update.win32_2.0.0.202105311346/tools/bin/../lib/gcc/arm-none-eabi/9.3.1/thumb/v6-m/nofp\libgcc.a(_udivsi3.o) (__aeabi_idiv0)

Allocating common symbols
Common symbol       size              file

uwTick              0x4               ./Drivers/STM32G0xx_HAL_Driver/Src/stm32g0xx_hal.o

Discarded input sections

 .text          0x0000000000000000        0x0 c:/st/stm32cubeide_1.7.0/stm32cubeide/plugins/com.st.stm32cube.ide.mcu.externaltools.gnu-tools-for-stm32.9-2020-q2-update.win32_2.0.0.202105311346/tools/bin/../lib/gcc/arm-none-eabi/9.3.1/thumb/v6-m/nofp/crti.o
 .data          0x0000000000000000        0x0 c:/st/stm32cubeide_1.7.0/stm32cubeide/plugins/com.st.stm32cube.ide.mcu.externaltools.gnu-tools-for-stm32.9-2020-q2-update.win32_2.0.0.202105311346/tools/bin/../lib/gcc/arm-none-eabi/9.3.1/thumb/v6-m/nofp/crti.o
 .bss           0x0000000000000000        0x0 c:/st/stm32cubeide_1.7.0/stm32cubeide/plugins/com.st.stm32cube.ide.mcu.externaltools.gnu-tools-for-stm32.9-2020-q2-update.win32_2.0.0.202105311346/tools/bin/../lib/gcc/arm-none-eabi/9.3.1/thumb/v6-m/nofp/crti.o
 .data          0x0000000000000000        0x4 c:/st/stm32cubeide_1.7.0/stm32cubeide/plugins/com.st.stm32cube.ide.mcu.externaltools.gnu-tools-for-stm32.9-2020-q2-update.win32_2.0.0.202105311346/tools/bin/../lib/gcc/arm-none-eabi/9.3.1/thumb/v6-m/nofp/crtbegin.o
 .text          0x0000000000000000       0x80 c:/st/stm32cubeide_1.7.0/stm32cubeide/plugins/com.st.stm32cube.ide.mcu.externaltools.gnu-tools-for-stm32.9-2020-q2-update.win32_2.0.0.202105311346/tools/bin/../lib/gcc/arm-none-eabi/9.3.1/../../../../arm-none-eabi/lib/thumb/v6-m/nofp/crt0.o
[...]
Memory Configuration

Name             Origin             Length             Attributes
RAM              0x0000000020000000 0x0000000000002000 xrw
FLASH            0x0000000008000000 0x0000000000010000 xr
*default*        0x0000000000000000 0xffffffffffffffff

Linker script and memory map

LOAD c:/st/stm32cubeide_1.7.0/stm32cubeide/plugins/com.st.stm32cube.ide.mcu.externaltools.gnu-tools-for-stm32.9-2020-q2-update.win32_2.0.0.202105311346/tools/bin/../lib/gcc/arm-none-eabi/9.3.1/thumb/v6-m/nofp/crti.o
LOAD c:/st/stm32cubeide_1.7.0/stm32cubeide/plugins/com.st.stm32cube.ide.mcu.externaltools.gnu-tools-for-stm32.9-2020-q2-update.win32_2.0.0.202105311346/tools/bin/../lib/gcc/arm-none-eabi/9.3.1/thumb/v6-m/nofp/crtbegin.o
LOAD c:/st/stm32cubeide_1.7.0/stm32cubeide/plugins/com.st.stm32cube.ide.mcu.externaltools.gnu-tools-for-stm32.9-2020-q2-update.win32_2.0.0.202105311346/tools/bin/../lib/gcc/arm-none-eabi/9.3.1/../../../../arm-none-eabi/lib/thumb/v6-m/nofp/crt0.o
LOAD ./Core/Src/bsp.o
LOAD ./Core/Src/main.o
LOAD ./Core/Src/stm32g0xx_hal_msp.o
LOAD ./Core/Src/stm32g0xx_it.o
LOAD ./Core/Src/syscalls.o
LOAD ./Core/Src/sysmem.o
LOAD ./Core/Src/system_stm32g0xx.o
LOAD ./Core/Startup/startup_stm32g030k8tx.o
LOAD ./Drivers/STM32G0xx_HAL_Driver/Src/stm32g0xx_hal.o
LOAD ./Drivers/STM32G0xx_HAL_Driver/Src/stm32g0xx_hal_cortex.o
LOAD ./Drivers/STM32G0xx_HAL_Driver/Src/stm32g0xx_hal_dma.o
LOAD ./Drivers/STM32G0xx_HAL_Driver/Src/stm32g0xx_hal_dma_ex.o
LOAD ./Drivers/STM32G0xx_HAL_Driver/Src/stm32g0xx_hal_exti.o
LOAD ./Drivers/STM32G0xx_HAL_Driver/Src/stm32g0xx_hal_flash.o
LOAD ./Drivers/STM32G0xx_HAL_Driver/Src/stm32g0xx_hal_flash_ex.o
LOAD ./Drivers/STM32G0xx_HAL_Driver/Src/stm32g0xx_hal_gpio.o
LOAD ./Drivers/STM32G0xx_HAL_Driver/Src/stm32g0xx_hal_pwr.o
LOAD ./Drivers/STM32G0xx_HAL_Driver/Src/stm32g0xx_hal_pwr_ex.o
LOAD ./Drivers/STM32G0xx_HAL_Driver/Src/stm32g0xx_hal_rcc.o
LOAD ./Drivers/STM32G0xx_HAL_Driver/Src/stm32g0xx_hal_rcc_ex.o
LOAD ./Drivers/STM32G0xx_HAL_Driver/Src/stm32g0xx_hal_tim.o
LOAD ./Drivers/STM32G0xx_HAL_Driver/Src/stm32g0xx_hal_tim_ex.o
LOAD ./Drivers/STM32G0xx_HAL_Driver/Src/stm32g0xx_ll_dma.o
LOAD ./Drivers/STM32G0xx_HAL_Driver/Src/stm32g0xx_ll_rcc.o
START GROUP
LOAD c:/st/stm32cubeide_1.7.0/stm32cubeide/plugins/com.st.stm32cube.ide.mcu.externaltools.gnu-tools-for-stm32.9-2020-q2-update.win32_2.0.0.202105311346/tools/bin/../lib/gcc/arm-none-eabi/9.3.1/../../../../arm-none-eabi/lib/thumb/v6-m/nofp\libc_nano.a
LOAD c:/st/stm32cubeide_1.7.0/stm32cubeide/plugins/com.st.stm32cube.ide.mcu.externaltools.gnu-tools-for-stm32.9-2020-q2-update.win32_2.0.0.202105311346/tools/bin/../lib/gcc/arm-none-eabi/9.3.1/../../../../arm-none-eabi/lib/thumb/v6-m/nofp\libm.a
END GROUP
START GROUP
LOAD c:/st/stm32cubeide_1.7.0/stm32cubeide/plugins/com.st.stm32cube.ide.mcu.externaltools.gnu-tools-for-stm32.9-2020-q2-update.win32_2.0.0.202105311346/tools/bin/../lib/gcc/arm-none-eabi/9.3.1/thumb/v6-m/nofp\libgcc.a
LOAD c:/st/stm32cubeide_1.7.0/stm32cubeide/plugins/com.st.stm32cube.ide.mcu.externaltools.gnu-tools-for-stm32.9-2020-q2-update.win32_2.0.0.202105311346/tools/bin/../lib/gcc/arm-none-eabi/9.3.1/../../../../arm-none-eabi/lib/thumb/v6-m/nofp\libc_nano.a
END GROUP
START GROUP
LOAD c:/st/stm32cubeide_1.7.0/stm32cubeide/plugins/com.st.stm32cube.ide.mcu.externaltools.gnu-tools-for-stm32.9-2020-q2-update.win32_2.0.0.202105311346/tools/bin/../lib/gcc/arm-none-eabi/9.3.1/thumb/v6-m/nofp\libgcc.a
LOAD c:/st/stm32cubeide_1.7.0/stm32cubeide/plugins/com.st.stm32cube.ide.mcu.externaltools.gnu-tools-for-stm32.9-2020-q2-update.win32_2.0.0.202105311346/tools/bin/../lib/gcc/arm-none-eabi/9.3.1/../../../../arm-none-eabi/lib/thumb/v6-m/nofp\libc_nano.a
LOAD c:/st/stm32cubeide_1.7.0/stm32cubeide/plugins/com.st.stm32cube.ide.mcu.externaltools.gnu-tools-for-stm32.9-2020-q2-update.win32_2.0.0.202105311346/tools/bin/../lib/gcc/arm-none-eabi/9.3.1/../../../../arm-none-eabi/lib/thumb/v6-m/nofp\libnosys.a
END GROUP
START GROUP
LOAD c:/st/stm32cubeide_1.7.0/stm32cubeide/plugins/com.st.stm32cube.ide.mcu.externaltools.gnu-tools-for-stm32.9-2020-q2-update.win32_2.0.0.202105311346/tools/bin/../lib/gcc/arm-none-eabi/9.3.1/thumb/v6-m/nofp\libgcc.a
LOAD c:/st/stm32cubeide_1.7.0/stm32cubeide/plugins/com.st.stm32cube.ide.mcu.externaltools.gnu-tools-for-stm32.9-2020-q2-update.win32_2.0.0.202105311346/tools/bin/../lib/gcc/arm-none-eabi/9.3.1/../../../../arm-none-eabi/lib/thumb/v6-m/nofp\libc_nano.a
LOAD c:/st/stm32cubeide_1.7.0/stm32cubeide/plugins/com.st.stm32cube.ide.mcu.externaltools.gnu-tools-for-stm32.9-2020-q2-update.win32_2.0.0.202105311346/tools/bin/../lib/gcc/arm-none-eabi/9.3.1/../../../../arm-none-eabi/lib/thumb/v6-m/nofp\libnosys.a
END GROUP
LOAD c:/st/stm32cubeide_1.7.0/stm32cubeide/plugins/com.st.stm32cube.ide.mcu.externaltools.gnu-tools-for-stm32.9-2020-q2-update.win32_2.0.0.202105311346/tools/bin/../lib/gcc/arm-none-eabi/9.3.1/thumb/v6-m/nofp/crtend.o
LOAD c:/st/stm32cubeide_1.7.0/stm32cubeide/plugins/com.st.stm32cube.ide.mcu.externaltools.gnu-tools-for-stm32.9-2020-q2-update.win32_2.0.0.202105311346/tools/bin/../lib/gcc/arm-none-eabi/9.3.1/thumb/v6-m/nofp/crtn.o
                0x0000000020002000                _estack = (ORIGIN (RAM) + LENGTH (RAM))
                0x0000000000000200                _Min_Heap_Size = 0x200
                0x0000000000000400                _Min_Stack_Size = 0x400

.isr_vector     0x0000000008000000       0xb8
                0x0000000008000000                . = ALIGN (0x4)
 *(.isr_vector)
 .isr_vector    0x0000000008000000       0xb8 ./Core/Startup/startup_stm32g030k8tx.o
                0x0000000008000000                g_pfnVectors
                0x00000000080000b8                . = ALIGN (0x4)

.text           0x00000000080000b8      0x6a8
                0x00000000080000b8                . = ALIGN (0x4)
 *(.text)
 .text          0x00000000080000b8       0x48 c:/st/stm32cubeide_1.7.0/stm32cubeide/plugins/com.st.stm32cube.ide.mcu.externaltools.gnu-tools-for-stm32.9-2020-q2-update.win32_2.0.0.202105311346/tools/bin/../lib/gcc/arm-none-eabi/9.3.1/thumb/v6-m/nofp/crtbegin.o
 .text          0x0000000008000100      0x114 c:/st/stm32cubeide_1.7.0/stm32cubeide/plugins/com.st.stm32cube.ide.mcu.externaltools.gnu-tools-for-stm32.9-2020-q2-update.win32_2.0.0.202105311346/tools/bin/../lib/gcc/arm-none-eabi/9.3.1/thumb/v6-m/nofp\libgcc.a(_udivsi3.o)
                0x0000000008000100                __aeabi_uidiv
                0x0000000008000100                __udivsi3
                0x000000000800020c                __aeabi_uidivmod
 .text          0x0000000008000214        0x4 c:/st/stm32cubeide_1.7.0/stm32cubeide/plugins/com.st.stm32cube.ide.mcu.externaltools.gnu-tools-for-stm32.9-2020-q2-update.win32_2.0.0.202105311346/tools/bin/../lib/gcc/arm-none-eabi/9.3.1/thumb/v6-m/nofp\libgcc.a(_dvmd_tls.o)
                0x0000000008000214                __aeabi_idiv0
                0x0000000008000214                __aeabi_ldiv0
 *(.text*)
 .text.__NVIC_EnableIRQ
                0x0000000008000218       0x34 ./Core/Src/bsp.o
 .text.__NVIC_SetPriority
                0x000000000800024c       0xdc ./Core/Src/bsp.o
 .text.USART2_IRQHandler
                0x0000000008000328       0x24 ./Core/Src/bsp.o
                0x0000000008000328                USART2_IRQHandler
 .text.uart_tx  0x000000000800034c       0x30 ./Core/Src/bsp.o
                0x000000000800034c                uart_tx
 .text.UART_init
                0x000000000800037c      0x11c ./Core/Src/bsp.o
                0x000000000800037c                UART_init
 .text.__NVIC_SetPriority
                0x0000000008000498       0xdc ./Core/Src/main.o
 .text.SysTick_Config
                0x0000000008000574       0x48 ./Core/Src/main.o
 .text.SysTick_Handler
                0x00000000080005bc       0x20 ./Core/Src/main.o
                0x00000000080005bc                SysTick_Handler
 .text.printChar
                0x00000000080005dc       0x38 ./Core/Src/main.o
                0x00000000080005dc                printChar
 .text._print   0x0000000008000614       0x34 ./Core/Src/main.o
                0x0000000008000614                _print
 .text.main     0x0000000008000648       0x38 ./Core/Src/main.o
                0x0000000008000648                main
 .text.NMI_Handler
                0x0000000008000680        0x6 ./Core/Src/stm32g0xx_it.o
                0x0000000008000680                NMI_Handler
 .text.HardFault_Handler
                0x0000000008000686        0x6 ./Core/Src/stm32g0xx_it.o
                0x0000000008000686                HardFault_Handler
 .text.SVC_Handler
                0x000000000800068c        0xa ./Core/Src/stm32g0xx_it.o
                0x000000000800068c                SVC_Handler
 .text.PendSV_Handler
                0x0000000008000696        0xa ./Core/Src/stm32g0xx_it.o
                0x0000000008000696                PendSV_Handler
 .text.SystemInit
                0x00000000080006a0        0xa ./Core/Src/system_stm32g0xx.o
                0x00000000080006a0                SystemInit
 *fill*         0x00000000080006aa        0x2 
 .text.Reset_Handler
                0x00000000080006ac       0x50 ./Core/Startup/startup_stm32g030k8tx.o
                0x00000000080006ac                Reset_Handler
 .text.Default_Handler
                0x00000000080006fc        0x2 ./Core/Startup/startup_stm32g030k8tx.o
                0x00000000080006fc                TIM1_CC_IRQHandler
                0x00000000080006fc                I2C1_IRQHandler
                0x00000000080006fc                RTC_TAMP_IRQHandler
                0x00000000080006fc                SPI1_IRQHandler
                0x00000000080006fc                DMA1_Ch4_5_DMAMUX1_OVR_IRQHandler
                0x00000000080006fc                EXTI2_3_IRQHandler
                0x00000000080006fc                ADC1_IRQHandler
                0x00000000080006fc                I2C2_IRQHandler
                0x00000000080006fc                TIM17_IRQHandler
                0x00000000080006fc                TIM16_IRQHandler
                0x00000000080006fc                TIM3_IRQHandler
                0x00000000080006fc                EXTI4_15_IRQHandler
                0x00000000080006fc                RCC_IRQHandler
                0x00000000080006fc                DMA1_Channel1_IRQHandler
                0x00000000080006fc                Default_Handler
                0x00000000080006fc                TIM14_IRQHandler
                0x00000000080006fc                EXTI0_1_IRQHandler
                0x00000000080006fc                SPI2_IRQHandler
                0x00000000080006fc                WWDG_IRQHandler
                0x00000000080006fc                DMA1_Channel2_3_IRQHandler
                0x00000000080006fc                FLASH_IRQHandler
                0x00000000080006fc                USART1_IRQHandler
                0x00000000080006fc                TIM1_BRK_UP_TRG_COM_IRQHandler
 *fill*         0x00000000080006fe        0x2 
 .text.__libc_init_array
                0x0000000008000700       0x48 c:/st/stm32cubeide_1.7.0/stm32cubeide/plugins/com.st.stm32cube.ide.mcu.externaltools.gnu-tools-for-stm32.9-2020-q2-update.win32_2.0.0.202105311346/tools/bin/../lib/gcc/arm-none-eabi/9.3.1/../../../../arm-none-eabi/lib/thumb/v6-m/nofp\libc_nano.a(lib_a-init.o)
                0x0000000008000700                __libc_init_array
 *(.glue_7)
 .glue_7        0x0000000008000748        0x0 linker stubs
 *(.glue_7t)
 .glue_7t       0x0000000008000748        0x0 linker stubs
 *(.eh_frame)
 .eh_frame      0x0000000008000748        0x0 c:/st/stm32cubeide_1.7.0/stm32cubeide/plugins/com.st.stm32cube.ide.mcu.externaltools.gnu-tools-for-stm32.9-2020-q2-update.win32_2.0.0.202105311346/tools/bin/../lib/gcc/arm-none-eabi/9.3.1/thumb/v6-m/nofp/crtbegin.o
 *(.init)
 .init          0x0000000008000748        0x4 c:/st/stm32cubeide_1.7.0/stm32cubeide/plugins/com.st.stm32cube.ide.mcu.externaltools.gnu-tools-for-stm32.9-2020-q2-update.win32_2.0.0.202105311346/tools/bin/../lib/gcc/arm-none-eabi/9.3.1/thumb/v6-m/nofp/crti.o
                0x0000000008000748                _init
 .init          0x000000000800074c        0x8 c:/st/stm32cubeide_1.7.0/stm32cubeide/plugins/com.st.stm32cube.ide.mcu.externaltools.gnu-tools-for-stm32.9-2020-q2-update.win32_2.0.0.202105311346/tools/bin/../lib/gcc/arm-none-eabi/9.3.1/thumb/v6-m/nofp/crtn.o
 *(.fini)
 .fini          0x0000000008000754        0x4 c:/st/stm32cubeide_1.7.0/stm32cubeide/plugins/com.st.stm32cube.ide.mcu.externaltools.gnu-tools-for-stm32.9-2020-q2-update.win32_2.0.0.202105311346/tools/bin/../lib/gcc/arm-none-eabi/9.3.1/thumb/v6-m/nofp/crti.o
                0x0000000008000754                _fini
 .fini          0x0000000008000758        0x8 c:/st/stm32cubeide_1.7.0/stm32cubeide/plugins/com.st.stm32cube.ide.mcu.externaltools.gnu-tools-for-stm32.9-2020-q2-update.win32_2.0.0.202105311346/tools/bin/../lib/gcc/arm-none-eabi/9.3.1/thumb/v6-m/nofp/crtn.o
                0x0000000008000760                . = ALIGN (0x4)
                0x0000000008000760                _etext = .

.vfp11_veneer   0x0000000008000760        0x0
 .vfp11_veneer  0x0000000008000760        0x0 linker stubs

.v4_bx          0x0000000008000760        0x0
 .v4_bx         0x0000000008000760        0x0 linker stubs

.iplt           0x0000000008000760        0x0
 .iplt          0x0000000008000760        0x0 c:/st/stm32cubeide_1.7.0/stm32cubeide/plugins/com.st.stm32cube.ide.mcu.externaltools.gnu-tools-for-stm32.9-2020-q2-update.win32_2.0.0.202105311346/tools/bin/../lib/gcc/arm-none-eabi/9.3.1/thumb/v6-m/nofp/crtbegin.o

.rodata         0x0000000008000760       0x1c
                0x0000000008000760                . = ALIGN (0x4)
 *(.rodata)
 .rodata        0x0000000008000760       0x1a ./Core/Src/main.o
 *(.rodata*)
                0x000000000800077c                . = ALIGN (0x4)
 *fill*         0x000000000800077a        0x2 

.rel.dyn        0x000000000800077c        0x0
 .rel.iplt      0x000000000800077c        0x0 c:/st/stm32cubeide_1.7.0/stm32cubeide/plugins/com.st.stm32cube.ide.mcu.externaltools.gnu-tools-for-stm32.9-2020-q2-update.win32_2.0.0.202105311346/tools/bin/../lib/gcc/arm-none-eabi/9.3.1/thumb/v6-m/nofp/crtbegin.o

.ARM.extab      0x000000000800077c        0x0
                0x000000000800077c                . = ALIGN (0x4)
 *(.ARM.extab* .gnu.linkonce.armextab.*)
                0x000000000800077c                . = ALIGN (0x4)

.ARM            0x000000000800077c        0x0
                0x000000000800077c                . = ALIGN (0x4)
                0x000000000800077c                __exidx_start = .
 *(.ARM.exidx*)
                0x000000000800077c                __exidx_end = .
                0x000000000800077c                . = ALIGN (0x4)

.preinit_array  0x000000000800077c        0x0
                0x000000000800077c                . = ALIGN (0x4)
                0x000000000800077c                PROVIDE (__preinit_array_start = .)
 *(.preinit_array*)
                0x000000000800077c                PROVIDE (__preinit_array_end = .)
                0x000000000800077c                . = ALIGN (0x4)

.init_array     0x000000000800077c        0x4
                0x000000000800077c                . = ALIGN (0x4)
                0x000000000800077c                PROVIDE (__init_array_start = .)
 *(SORT_BY_NAME(.init_array.*))
 *(.init_array*)
 .init_array    0x000000000800077c        0x4 c:/st/stm32cubeide_1.7.0/stm32cubeide/plugins/com.st.stm32cube.ide.mcu.externaltools.gnu-tools-for-stm32.9-2020-q2-update.win32_2.0.0.202105311346/tools/bin/../lib/gcc/arm-none-eabi/9.3.1/thumb/v6-m/nofp/crtbegin.o
                0x0000000008000780                PROVIDE (__init_array_end = .)
                0x0000000008000780                . = ALIGN (0x4)

.fini_array     0x0000000008000780        0x4
                0x0000000008000780                . = ALIGN (0x4)
                [!provide]                        PROVIDE (__fini_array_start = .)
 *(SORT_BY_NAME(.fini_array.*))
 *(.fini_array*)
 .fini_array    0x0000000008000780        0x4 c:/st/stm32cubeide_1.7.0/stm32cubeide/plugins/com.st.stm32cube.ide.mcu.externaltools.gnu-tools-for-stm32.9-2020-q2-update.win32_2.0.0.202105311346/tools/bin/../lib/gcc/arm-none-eabi/9.3.1/thumb/v6-m/nofp/crtbegin.o
                [!provide]                        PROVIDE (__fini_array_end = .)
                0x0000000008000784                . = ALIGN (0x4)
                0x0000000008000784                _sidata = LOADADDR (.data)

.data           0x0000000020000000        0x4 load address 0x0000000008000784
                0x0000000020000000                . = ALIGN (0x4)
                0x0000000020000000                _sdata = .
 *(.data)
 *(.data*)
 .data.SystemCoreClock
                0x0000000020000000        0x4 ./Core/Src/system_stm32g0xx.o
                0x0000000020000000                SystemCoreClock
 *(.RamFunc)
 *(.RamFunc*)
                0x0000000020000004                . = ALIGN (0x4)
                0x0000000020000004                _edata = .

.igot.plt       0x0000000020000004        0x0 load address 0x0000000008000788
 .igot.plt      0x0000000020000004        0x0 c:/st/stm32cubeide_1.7.0/stm32cubeide/plugins/com.st.stm32cube.ide.mcu.externaltools.gnu-tools-for-stm32.9-2020-q2-update.win32_2.0.0.202105311346/tools/bin/../lib/gcc/arm-none-eabi/9.3.1/thumb/v6-m/nofp/crtbegin.o
                0x0000000020000004                . = ALIGN (0x4)

.bss            0x0000000020000004       0x20 load address 0x0000000008000788
                0x0000000020000004                _sbss = .
                0x0000000020000004                __bss_start__ = _sbss
 *(.bss)
 .bss           0x0000000020000004       0x1c c:/st/stm32cubeide_1.7.0/stm32cubeide/plugins/com.st.stm32cube.ide.mcu.externaltools.gnu-tools-for-stm32.9-2020-q2-update.win32_2.0.0.202105311346/tools/bin/../lib/gcc/arm-none-eabi/9.3.1/thumb/v6-m/nofp/crtbegin.o
 *(.bss*)
 .bss.c         0x0000000020000020        0x4 ./Core/Src/main.o
 *(COMMON)
                0x0000000020000024                . = ALIGN (0x4)
                0x0000000020000024                _ebss = .
                0x0000000020000024                __bss_end__ = _ebss

._user_heap_stack
                0x0000000020000024      0x604 load address 0x0000000008000788
                0x0000000020000028                . = ALIGN (0x8)
 *fill*         0x0000000020000024        0x4 
                [!provide]                        PROVIDE (end = .)
                0x0000000020000028                PROVIDE (_end = .)
                0x0000000020000228                . = (. + _Min_Heap_Size)
 *fill*         0x0000000020000028      0x200 
                0x0000000020000628                . = (. + _Min_Stack_Size)
 *fill*         0x0000000020000228      0x400 
                0x0000000020000628                . = ALIGN (0x8)

/DISCARD/
 libc.a(*)
 libm.a(*)
 libgcc.a(*)

.ARM.attributes
                0x0000000000000000       0x28
 *(.ARM.attributes)
 .ARM.attributes
                0x0000000000000000       0x1e c:/st/stm32cubeide_1.7.0/stm32cubeide/plugins/com.st.stm32cube.ide.mcu.externaltools.gnu-tools-for-stm32.9-2020-q2-update.win32_2.0.0.202105311346/tools/bin/../lib/gcc/arm-none-eabi/9.3.1/thumb/v6-m/nofp/crti.o
 .ARM.attributes
                0x000000000000001e       0x2c c:/st/stm32cubeide_1.7.0/stm32cubeide/plugins/com.st.stm32cube.ide.mcu.externaltools.gnu-tools-for-stm32.9-2020-q2-update.win32_2.0.0.202105311346/tools/bin/../lib/gcc/arm-none-eabi/9.3.1/thumb/v6-m/nofp/crtbegin.o
 .ARM.attributes
                0x000000000000004a       0x2c ./Core/Src/bsp.o
 .ARM.attributes
                0x0000000000000076       0x2c ./Core/Src/main.o
 .ARM.attributes
                0x00000000000000a2       0x2c ./Core/Src/stm32g0xx_it.o
 .ARM.attributes
                0x00000000000000ce       0x2c ./Core/Src/system_stm32g0xx.o
 .ARM.attributes
                0x00000000000000fa       0x22 ./Core/Startup/startup_stm32g030k8tx.o
 .ARM.attributes
                0x000000000000011c       0x2c c:/st/stm32cubeide_1.7.0/stm32cubeide/plugins/com.st.stm32cube.ide.mcu.externaltools.gnu-tools-for-stm32.9-2020-q2-update.win32_2.0.0.202105311346/tools/bin/../lib/gcc/arm-none-eabi/9.3.1/../../../../arm-none-eabi/lib/thumb/v6-m/nofp\libc_nano.a(lib_a-init.o)
 .ARM.attributes
                0x0000000000000148       0x1e c:/st/stm32cubeide_1.7.0/stm32cubeide/plugins/com.st.stm32cube.ide.mcu.externaltools.gnu-tools-for-stm32.9-2020-q2-update.win32_2.0.0.202105311346/tools/bin/../lib/gcc/arm-none-eabi/9.3.1/thumb/v6-m/nofp\libgcc.a(_udivsi3.o)
 .ARM.attributes
                0x0000000000000166       0x1e c:/st/stm32cubeide_1.7.0/stm32cubeide/plugins/com.st.stm32cube.ide.mcu.externaltools.gnu-tools-for-stm32.9-2020-q2-update.win32_2.0.0.202105311346/tools/bin/../lib/gcc/arm-none-eabi/9.3.1/thumb/v6-m/nofp\libgcc.a(_dvmd_tls.o)
 .ARM.attributes
                0x0000000000000184       0x1e c:/st/stm32cubeide_1.7.0/stm32cubeide/plugins/com.st.stm32cube.ide.mcu.externaltools.gnu-tools-for-stm32.9-2020-q2-update.win32_2.0.0.202105311346/tools/bin/../lib/gcc/arm-none-eabi/9.3.1/thumb/v6-m/nofp/crtn.o
OUTPUT(uart.elf elf32-littlearm)
LOAD linker stubs
LOAD c:/st/stm32cubeide_1.7.0/stm32cubeide/plugins/com.st.stm32cube.ide.mcu.externaltools.gnu-tools-for-stm32.9-2020-q2-update.win32_2.0.0.202105311346/tools/bin/../lib/gcc/arm-none-eabi/9.3.1/../../../../arm-none-eabi/lib/thumb/v6-m/nofp\libc.a
LOAD c:/st/stm32cubeide_1.7.0/stm32cubeide/plugins/com.st.stm32cube.ide.mcu.externaltools.gnu-tools-for-stm32.9-2020-q2-update.win32_2.0.0.202105311346/tools/bin/../lib/gcc/arm-none-eabi/9.3.1/../../../../arm-none-eabi/lib/thumb/v6-m/nofp\libm.a
LOAD c:/st/stm32cubeide_1.7.0/stm32cubeide/plugins/com.st.stm32cube.ide.mcu.externaltools.gnu-tools-for-stm32.9-2020-q2-update.win32_2.0.0.202105311346/tools/bin/../lib/gcc/arm-none-eabi/9.3.1/thumb/v6-m/nofp\libgcc.a

.debug_info     0x0000000000000000     0x2424
 .debug_info    0x0000000000000000     0x13a0 ./Core/Src/bsp.o
 .debug_info    0x00000000000013a0      0x992 ./Core/Src/main.o
 .debug_info    0x0000000000001d32      0x284 ./Core/Src/stm32g0xx_it.o
 .debug_info    0x0000000000001fb6      0x44c ./Core/Src/system_stm32g0xx.o
 .debug_info    0x0000000000002402       0x22 ./Core/Startup/startup_stm32g030k8tx.o

.debug_abbrev   0x0000000000000000      0x826
 .debug_abbrev  0x0000000000000000      0x34d ./Core/Src/bsp.o
 .debug_abbrev  0x000000000000034d      0x25f ./Core/Src/main.o
 .debug_abbrev  0x00000000000005ac      0x103 ./Core/Src/stm32g0xx_it.o
 .debug_abbrev  0x00000000000006af      0x165 ./Core/Src/system_stm32g0xx.o
 .debug_abbrev  0x0000000000000814       0x12 ./Core/Startup/startup_stm32g030k8tx.o

.debug_aranges  0x0000000000000000      0x180
 .debug_aranges
                0x0000000000000000       0x90 ./Core/Src/bsp.o
 .debug_aranges
                0x0000000000000090       0x60 ./Core/Src/main.o
 .debug_aranges
                0x00000000000000f0       0x40 ./Core/Src/stm32g0xx_it.o
 .debug_aranges
                0x0000000000000130       0x28 ./Core/Src/system_stm32g0xx.o
 .debug_aranges
                0x0000000000000158       0x28 ./Core/Startup/startup_stm32g030k8tx.o

.debug_ranges   0x0000000000000000      0x138
 .debug_ranges  0x0000000000000000       0x80 ./Core/Src/bsp.o
 .debug_ranges  0x0000000000000080       0x50 ./Core/Src/main.o
 .debug_ranges  0x00000000000000d0       0x30 ./Core/Src/stm32g0xx_it.o
 .debug_ranges  0x0000000000000100       0x18 ./Core/Src/system_stm32g0xx.o
 .debug_ranges  0x0000000000000118       0x20 ./Core/Startup/startup_stm32g030k8tx.o

.debug_macro    0x0000000000000000    0x12979
 .debug_macro   0x0000000000000000      0x293 ./Core/Src/bsp.o
 .debug_macro   0x0000000000000293      0xa7e ./Core/Src/bsp.o
 .debug_macro   0x0000000000000d11       0x2e ./Core/Src/bsp.o
 .debug_macro   0x0000000000000d3f       0x28 ./Core/Src/bsp.o
 .debug_macro   0x0000000000000d67       0x22 ./Core/Src/bsp.o
 .debug_macro   0x0000000000000d89       0x8e ./Core/Src/bsp.o
 .debug_macro   0x0000000000000e17       0x51 ./Core/Src/bsp.o
 .debug_macro   0x0000000000000e68      0x103 ./Core/Src/bsp.o
 .debug_macro   0x0000000000000f6b       0x6a ./Core/Src/bsp.o
 .debug_macro   0x0000000000000fd5      0x1df ./Core/Src/bsp.o
 .debug_macro   0x00000000000011b4       0x1c ./Core/Src/bsp.o
 .debug_macro   0x00000000000011d0       0x22 ./Core/Src/bsp.o
 .debug_macro   0x00000000000011f2       0xd7 ./Core/Src/bsp.o
 .debug_macro   0x00000000000012c9      0x4da ./Core/Src/bsp.o
 .debug_macro   0x00000000000017a3      0x11f ./Core/Src/bsp.o
 .debug_macro   0x00000000000018c2     0x9e87 ./Core/Src/bsp.o
 .debug_macro   0x000000000000b749       0x66 ./Core/Src/bsp.o
 .debug_macro   0x000000000000b7af      0x111 ./Core/Src/bsp.o
 .debug_macro   0x000000000000b8c0     0x34e5 ./Core/Src/bsp.o
 .debug_macro   0x000000000000eda5      0x174 ./Core/Src/bsp.o
 .debug_macro   0x000000000000ef19       0x5c ./Core/Src/bsp.o
 .debug_macro   0x000000000000ef75      0x485 ./Core/Src/bsp.o
 .debug_macro   0x000000000000f3fa      0xdce ./Core/Src/bsp.o
 .debug_macro   0x00000000000101c8      0x106 ./Core/Src/bsp.o
 .debug_macro   0x00000000000102ce      0x1d0 ./Core/Src/bsp.o
 .debug_macro   0x000000000001049e       0xff ./Core/Src/bsp.o
 .debug_macro   0x000000000001059d      0x33c ./Core/Src/bsp.o
 .debug_macro   0x00000000000108d9      0x202 ./Core/Src/bsp.o
 .debug_macro   0x0000000000010adb      0x2c7 ./Core/Src/bsp.o
 .debug_macro   0x0000000000010da2      0x198 ./Core/Src/bsp.o
 .debug_macro   0x0000000000010f3a       0x43 ./Core/Src/bsp.o
 .debug_macro   0x0000000000010f7d      0x1f1 ./Core/Src/bsp.o
 .debug_macro   0x000000000001116e      0x1d7 ./Core/Src/bsp.o
 .debug_macro   0x0000000000011345      0x2a3 ./Core/Src/bsp.o
 .debug_macro   0x00000000000115e8       0x28 ./Core/Src/bsp.o
 .debug_macro   0x0000000000011610       0xcf ./Core/Src/bsp.o
 .debug_macro   0x00000000000116df       0xff ./Core/Src/bsp.o
 .debug_macro   0x00000000000117de      0x10d ./Core/Src/bsp.o
 .debug_macro   0x00000000000118eb      0x412 ./Core/Src/bsp.o
 .debug_macro   0x0000000000011cfd       0x18 ./Core/Src/bsp.o
 .debug_macro   0x0000000000011d15       0x52 ./Core/Src/bsp.o
 .debug_macro   0x0000000000011d67       0x3c ./Core/Src/bsp.o
 .debug_macro   0x0000000000011da3       0x34 ./Core/Src/bsp.o
 .debug_macro   0x0000000000011dd7       0x16 ./Core/Src/bsp.o
 .debug_macro   0x0000000000011ded       0x35 ./Core/Src/bsp.o
 .debug_macro   0x0000000000011e22       0x16 ./Core/Src/bsp.o
 .debug_macro   0x0000000000011e38       0x43 ./Core/Src/bsp.o
 .debug_macro   0x0000000000011e7b       0x34 ./Core/Src/bsp.o
 .debug_macro   0x0000000000011eaf       0x10 ./Core/Src/bsp.o
 .debug_macro   0x0000000000011ebf       0x58 ./Core/Src/bsp.o
 .debug_macro   0x0000000000011f17       0x71 ./Core/Src/bsp.o
 .debug_macro   0x0000000000011f88       0x1c ./Core/Src/bsp.o
 .debug_macro   0x0000000000011fa4      0x12a ./Core/Src/bsp.o
 .debug_macro   0x00000000000120ce      0x333 ./Core/Src/bsp.o
 .debug_macro   0x0000000000012401       0x16 ./Core/Src/bsp.o
 .debug_macro   0x0000000000012417       0x29 ./Core/Src/bsp.o
 .debug_macro   0x0000000000012440      0x1b7 ./Core/Src/main.o
 .debug_macro   0x00000000000125f7      0x1cb ./Core/Src/stm32g0xx_it.o
 .debug_macro   0x00000000000127c2      0x1b7 ./Core/Src/system_stm32g0xx.o

.debug_line     0x0000000000000000     0x2194
 .debug_line    0x0000000000000000      0xa87 ./Core/Src/bsp.o
 .debug_line    0x0000000000000a87      0x862 ./Core/Src/main.o
 .debug_line    0x00000000000012e9      0x70a ./Core/Src/stm32g0xx_it.o
 .debug_line    0x00000000000019f3      0x718 ./Core/Src/system_stm32g0xx.o
 .debug_line    0x000000000000210b       0x89 ./Core/Startup/startup_stm32g030k8tx.o

.debug_str      0x0000000000000000    0x76fd6
 .debug_str     0x0000000000000000    0x76e8e ./Core/Src/bsp.o
                                      0x77449 (size before relaxing)
 .debug_str     0x0000000000076e8e       0x40 ./Core/Src/main.o
                                      0x740eb (size before relaxing)
 .debug_str     0x0000000000076ece       0x70 ./Core/Src/stm32g0xx_it.o
                                      0x73da8 (size before relaxing)
 .debug_str     0x0000000000076f3e       0x62 ./Core/Src/system_stm32g0xx.o
                                      0x73e47 (size before relaxing)
 .debug_str     0x0000000000076fa0       0x36 ./Core/Startup/startup_stm32g030k8tx.o
                                         0x4a (size before relaxing)

.comment        0x0000000000000000       0x53
 .comment       0x0000000000000000       0x53 ./Core/Src/bsp.o
                                         0x54 (size before relaxing)
 .comment       0x0000000000000053       0x54 ./Core/Src/main.o
 .comment       0x0000000000000053       0x54 ./Core/Src/stm32g0xx_it.o
 .comment       0x0000000000000053       0x54 ./Core/Src/system_stm32g0xx.o

.debug_frame    0x0000000000000000      0x42c
 .debug_frame   0x0000000000000000      0x1d0 ./Core/Src/bsp.o
 .debug_frame   0x00000000000001d0      0x128 ./Core/Src/main.o
 .debug_frame   0x00000000000002f8       0x9c ./Core/Src/stm32g0xx_it.o
 .debug_frame   0x0000000000000394       0x4c ./Core/Src/system_stm32g0xx.o
 .debug_frame   0x00000000000003e0       0x2c c:/st/stm32cubeide_1.7.0/stm32cubeide/plugins/com.st.stm32cube.ide.mcu.externaltools.gnu-tools-for-stm32.9-2020-q2-update.win32_2.0.0.202105311346/tools/bin/../lib/gcc/arm-none-eabi/9.3.1/../../../../arm-none-eabi/lib/thumb/v6-m/nofp\libc_nano.a(lib_a-init.o)
 .debug_frame   0x000000000000040c       0x20 c:/st/stm32cubeide_1.7.0/stm32cubeide/plugins/com.st.stm32cube.ide.mcu.externaltools.gnu-tools-for-stm32.9-2020-q2-update.win32_2.0.0.202105311346/tools/bin/../lib/gcc/arm-none-eabi/9.3.1/thumb/v6-m/nofp\libgcc.a(_udivsi3.o)
