core_cm0plus.h:741:22:__NVIC_EnableIRQ	16	static,ignoring_inline_asm
core_cm0plus.h:850:22:__NVIC_SetPriority	24	static
core_cm0plus.h:1056:26:SysTick_Config	16	static
BSP.c:14:6:BSP_systemInit	8	static
BSP.c:25:6:BSP_initializeOnBoardLed	8	static
BSP.c:37:6:BSP_setOnBoardLed	8	static
BSP.c:41:6:BSP_resetOnBoardLed	8	static
BSP.c:45:6:BSP_toggleOnBoardLed	8	static
BSP.c:50:6:BSP_initializeAndConfigSysTickTimer	16	static
BSP.c:55:6:BSP_initializeAndConfigClock	8	static
BSP.c:61:6:BSP_Timer3_Config	16	static
BSP.c:80:6:BSP_Timer2_Config	8	static
BSP.c:98:6:BSP_initializeInterruptForButton	8	static
BSP.c:117:6:BSP_initializeButton	8	static
