core_cm0plus.h:741:22:__NVIC_EnableIRQ	16	static,ignoring_inline_asm
core_cm0plus.h:850:22:__NVIC_SetPriority	24	static
main.c:7:6:setAllSSDDigits	8	static
main.c:15:6:resetAllSSDDigits	8	static
main.c:22:6:setSSDDigit	16	static
main.c:52:6:dispNumberDigitInSSD	16	static
main.c:94:5:dispNumberInSSD	32	static
main.c:126:6:dispArrayInSSD	8	static
main.c:139:6:setRCCForSSD	8	static
main.c:145:6:setMODERForSSD	8	static
main.c:164:6:getDigits	32	static
main.c:171:9:countDigits	16	static
main.c:187:6:EXTI0_1_IRQHandler	8	static
main.c:219:5:main	32	static
main.c:269:6:delayForModes	24	static
main.c:272:6:delay	16	static
