Archive member included to satisfy reference by file (symbol)

c:/st/stm32cubeide_1.7.0/stm32cubeide/plugins/com.st.stm32cube.ide.mcu.externaltools.gnu-tools-for-stm32.9-2020-q2-update.win32_2.0.0.202105311346/tools/bin/../lib/gcc/arm-none-eabi/9.3.1/../../../../arm-none-eabi/lib/thumb/v6-m/nofp\libc_nano.a(lib_a-exit.o)
                              c:/st/stm32cubeide_1.7.0/stm32cubeide/plugins/com.st.stm32cube.ide.mcu.externaltools.gnu-tools-for-stm32.9-2020-q2-update.win32_2.0.0.202105311346/tools/bin/../lib/gcc/arm-none-eabi/9.3.1/../../../../arm-none-eabi/lib/thumb/v6-m/nofp/crt0.o (exit)
c:/st/stm32cubeide_1.7.0/stm32cubeide/plugins/com.st.stm32cube.ide.mcu.externaltools.gnu-tools-for-stm32.9-2020-q2-update.win32_2.0.0.202105311346/tools/bin/../lib/gcc/arm-none-eabi/9.3.1/../../../../arm-none-eabi/lib/thumb/v6-m/nofp\libc_nano.a(lib_a-impure.o)
                              c:/st/stm32cubeide_1.7.0/stm32cubeide/plugins/com.st.stm32cube.ide.mcu.externaltools.gnu-tools-for-stm32.9-2020-q2-update.win32_2.0.0.202105311346/tools/bin/../lib/gcc/arm-none-eabi/9.3.1/../../../../arm-none-eabi/lib/thumb/v6-m/nofp\libc_nano.a(lib_a-exit.o) (_global_impure_ptr)
c:/st/stm32cubeide_1.7.0/stm32cubeide/plugins/com.st.stm32cube.ide.mcu.externaltools.gnu-tools-for-stm32.9-2020-q2-update.win32_2.0.0.202105311346/tools/bin/../lib/gcc/arm-none-eabi/9.3.1/../../../../arm-none-eabi/lib/thumb/v6-m/nofp\libc_nano.a(lib_a-init.o)
                              c:/st/stm32cubeide_1.7.0/stm32cubeide/plugins/com.st.stm32cube.ide.mcu.externaltools.gnu-tools-for-stm32.9-2020-q2-update.win32_2.0.0.202105311346/tools/bin/../lib/gcc/arm-none-eabi/9.3.1/../../../../arm-none-eabi/lib/thumb/v6-m/nofp/crt0.o (__libc_init_array)
c:/st/stm32cubeide_1.7.0/stm32cubeide/plugins/com.st.stm32cube.ide.mcu.externaltools.gnu-tools-for-stm32.9-2020-q2-update.win32_2.0.0.202105311346/tools/bin/../lib/gcc/arm-none-eabi/9.3.1/../../../../arm-none-eabi/lib/thumb/v6-m/nofp\libc_nano.a(lib_a-memset.o)
                              c:/st/stm32cubeide_1.7.0/stm32cubeide/plugins/com.st.stm32cube.ide.mcu.externaltools.gnu-tools-for-stm32.9-2020-q2-update.win32_2.0.0.202105311346/tools/bin/../lib/gcc/arm-none-eabi/9.3.1/../../../../arm-none-eabi/lib/thumb/v6-m/nofp/crt0.o (memset)
c:/st/stm32cubeide_1.7.0/stm32cubeide/plugins/com.st.stm32cube.ide.mcu.externaltools.gnu-tools-for-stm32.9-2020-q2-update.win32_2.0.0.202105311346/tools/bin/../lib/gcc/arm-none-eabi/9.3.1/thumb/v6-m/nofp\libgcc.a(_udivsi3.o)
                              ./Core/Src/BSP.o (__aeabi_uidiv)
c:/st/stm32cubeide_1.7.0/stm32cubeide/plugins/com.st.stm32cube.ide.mcu.externaltools.gnu-tools-for-stm32.9-2020-q2-update.win32_2.0.0.202105311346/tools/bin/../lib/gcc/arm-none-eabi/9.3.1/thumb/v6-m/nofp\libgcc.a(_divsi3.o)
                              ./Core/Src/sevensegment.o (__aeabi_idiv)
c:/st/stm32cubeide_1.7.0/stm32cubeide/plugins/com.st.stm32cube.ide.mcu.externaltools.gnu-tools-for-stm32.9-2020-q2-update.win32_2.0.0.202105311346/tools/bin/../lib/gcc/arm-none-eabi/9.3.1/thumb/v6-m/nofp\libgcc.a(_dvmd_tls.o)
                              c:/st/stm32cubeide_1.7.0/stm32cubeide/plugins/com.st.stm32cube.ide.mcu.externaltools.gnu-tools-for-stm32.9-2020-q2-update.win32_2.0.0.202105311346/tools/bin/../lib/gcc/arm-none-eabi/9.3.1/thumb/v6-m/nofp\libgcc.a(_udivsi3.o) (__aeabi_idiv0)
c:/st/stm32cubeide_1.7.0/stm32cubeide/plugins/com.st.stm32cube.ide.mcu.externaltools.gnu-tools-for-stm32.9-2020-q2-update.win32_2.0.0.202105311346/tools/bin/../lib/gcc/arm-none-eabi/9.3.1/../../../../arm-none-eabi/lib/thumb/v6-m/nofp\libnosys.a(_exit.o)
                              c:/st/stm32cubeide_1.7.0/stm32cubeide/plugins/com.st.stm32cube.ide.mcu.externaltools.gnu-tools-for-stm32.9-2020-q2-update.win32_2.0.0.202105311346/tools/bin/../lib/gcc/arm-none-eabi/9.3.1/../../../../arm-none-eabi/lib/thumb/v6-m/nofp\libc_nano.a(lib_a-exit.o) (_exit)

Allocating common symbols
Common symbol       size              file

uwTick              0x4               ./Drivers/STM32G0xx_HAL_Driver/Src/stm32g0xx_hal.o
signal              0x1               ./Core/Src/main.o
displayMode         0x1               ./Core/Src/main.o
SSD_numberDigits    0x8               ./Core/Src/BSP.o

Discarded input sections

 .text          0x0000000000000000        0x0 c:/st/stm32cubeide_1.7.0/stm32cubeide/plugins/com.st.stm32cube.ide.mcu.externaltools.gnu-tools-for-stm32.9-2020-q2-update.win32_2.0.0.202105311346/tools/bin/../lib/gcc/arm-none-eabi/9.3.1/thumb/v6-m/nofp/crti.o
 .data          0x0000000000000000        0x0 c:/st/stm32cubeide_1.7.0/stm32cubeide/plugins/com.st.stm32cube.ide.mcu.externaltools.gnu-tools-for-stm32.9-2020-q2-update.win32_2.0.0.202105311346/tools/bin/../lib/gcc/arm-none-eabi/9.3.1/thumb/v6-m/nofp/crti.o
[...]
Memory Configuration

Name             Origin             Length             Attributes
RAM              0x0000000020000000 0x0000000000002000 xrw
FLASH            0x0000000008000000 0x0000000000010000 xr
*default*        0x0000000000000000 0xffffffffffffffff

Linker script and memory map

LOAD c:/st/stm32cubeide_1.7.0/stm32cubeide/plugins/com.st.stm32cube.ide.mcu.externaltools.gnu-tools-for-stm32.9-2020-q2-update.win32_2.0.0.202105311346/tools/bin/../lib/gcc/arm-none-eabi/9.3.1/thumb/v6-m/nofp/crti.o
LOAD c:/st/stm32cubeide_1.7.0/stm32cubeide/plugins/com.st.stm32cube.ide.mcu.externaltools.gnu-tools-for-stm32.9-2020-q2-update.win32_2.0.0.202105311346/tools/bin/../lib/gcc/arm-none-eabi/9.3.1/thumb/v6-m/nofp/crtbegin.o
LOAD c:/st/stm32cubeide_1.7.0/stm32cubeide/plugins/com.st.stm32cube.ide.mcu.externaltools.gnu-tools-for-stm32.9-2020-q2-update.win32_2.0.0.202105311346/tools/bin/../lib/gcc/arm-none-eabi/9.3.1/../../../../arm-none-eabi/lib/thumb/v6-m/nofp/crt0.o
LOAD ./Core/Src/BSP.o
LOAD ./Core/Src/keypad.o
LOAD ./Core/Src/main.o
LOAD ./Core/Src/sevensegment.o
LOAD ./Core/Startup/startup_stm32g031k8tx.o
LOAD ./Drivers/STM32G0xx_HAL_Driver/Src/stm32g0xx_hal.o
LOAD ./Drivers/STM32G0xx_HAL_Driver/Src/stm32g0xx_hal_cortex.o
LOAD ./Drivers/STM32G0xx_HAL_Driver/Src/stm32g0xx_hal_dma.o
LOAD ./Drivers/STM32G0xx_HAL_Driver/Src/stm32g0xx_hal_dma_ex.o
LOAD ./Drivers/STM32G0xx_HAL_Driver/Src/stm32g0xx_hal_exti.o
LOAD ./Drivers/STM32G0xx_HAL_Driver/Src/stm32g0xx_hal_flash.o
LOAD ./Drivers/STM32G0xx_HAL_Driver/Src/stm32g0xx_hal_flash_ex.o
LOAD ./Drivers/STM32G0xx_HAL_Driver/Src/stm32g0xx_hal_gpio.o
LOAD ./Drivers/STM32G0xx_HAL_Driver/Src/stm32g0xx_hal_pwr.o
LOAD ./Drivers/STM32G0xx_HAL_Driver/Src/stm32g0xx_hal_pwr_ex.o
LOAD ./Drivers/STM32G0xx_HAL_Driver/Src/stm32g0xx_hal_rcc.o
LOAD ./Drivers/STM32G0xx_HAL_Driver/Src/stm32g0xx_hal_rcc_ex.o
LOAD ./Drivers/STM32G0xx_HAL_Driver/Src/stm32g0xx_hal_tim.o
LOAD ./Drivers/STM32G0xx_HAL_Driver/Src/stm32g0xx_hal_tim_ex.o
LOAD ./Drivers/STM32G0xx_HAL_Driver/Src/stm32g0xx_ll_dma.o
LOAD ./Drivers/STM32G0xx_HAL_Driver/Src/stm32g0xx_ll_rcc.o
START GROUP
LOAD c:/st/stm32cubeide_1.7.0/stm32cubeide/plugins/com.st.stm32cube.ide.mcu.externaltools.gnu-tools-for-stm32.9-2020-q2-update.win32_2.0.0.202105311346/tools/bin/../lib/gcc/arm-none-eabi/9.3.1/../../../../arm-none-eabi/lib/thumb/v6-m/nofp\libc_nano.a
LOAD c:/st/stm32cubeide_1.7.0/stm32cubeide/plugins/com.st.stm32cube.ide.mcu.externaltools.gnu-tools-for-stm32.9-2020-q2-update.win32_2.0.0.202105311346/tools/bin/../lib/gcc/arm-none-eabi/9.3.1/../../../../arm-none-eabi/lib/thumb/v6-m/nofp\libm.a
END GROUP
START GROUP
LOAD c:/st/stm32cubeide_1.7.0/stm32cubeide/plugins/com.st.stm32cube.ide.mcu.externaltools.gnu-tools-for-stm32.9-2020-q2-update.win32_2.0.0.202105311346/tools/bin/../lib/gcc/arm-none-eabi/9.3.1/thumb/v6-m/nofp\libgcc.a
LOAD c:/st/stm32cubeide_1.7.0/stm32cubeide/plugins/com.st.stm32cube.ide.mcu.externaltools.gnu-tools-for-stm32.9-2020-q2-update.win32_2.0.0.202105311346/tools/bin/../lib/gcc/arm-none-eabi/9.3.1/../../../../arm-none-eabi/lib/thumb/v6-m/nofp\libc_nano.a
END GROUP
START GROUP
LOAD c:/st/stm32cubeide_1.7.0/stm32cubeide/plugins/com.st.stm32cube.ide.mcu.externaltools.gnu-tools-for-stm32.9-2020-q2-update.win32_2.0.0.202105311346/tools/bin/../lib/gcc/arm-none-eabi/9.3.1/thumb/v6-m/nofp\libgcc.a
LOAD c:/st/stm32cubeide_1.7.0/stm32cubeide/plugins/com.st.stm32cube.ide.mcu.externaltools.gnu-tools-for-stm32.9-2020-q2-update.win32_2.0.0.202105311346/tools/bin/../lib/gcc/arm-none-eabi/9.3.1/../../../../arm-none-eabi/lib/thumb/v6-m/nofp\libc_nano.a
LOAD c:/st/stm32cubeide_1.7.0/stm32cubeide/plugins/com.st.stm32cube.ide.mcu.externaltools.gnu-tools-for-stm32.9-2020-q2-update.win32_2.0.0.202105311346/tools/bin/../lib/gcc/arm-none-eabi/9.3.1/../../../../arm-none-eabi/lib/thumb/v6-m/nofp\libnosys.a
END GROUP
START GROUP
LOAD c:/st/stm32cubeide_1.7.0/stm32cubeide/plugins/com.st.stm32cube.ide.mcu.externaltools.gnu-tools-for-stm32.9-2020-q2-update.win32_2.0.0.202105311346/tools/bin/../lib/gcc/arm-none-eabi/9.3.1/thumb/v6-m/nofp\libgcc.a
LOAD c:/st/stm32cubeide_1.7.0/stm32cubeide/plugins/com.st.stm32cube.ide.mcu.externaltools.gnu-tools-for-stm32.9-2020-q2-update.win32_2.0.0.202105311346/tools/bin/../lib/gcc/arm-none-eabi/9.3.1/../../../../arm-none-eabi/lib/thumb/v6-m/nofp\libc_nano.a
LOAD c:/st/stm32cubeide_1.7.0/stm32cubeide/plugins/com.st.stm32cube.ide.mcu.externaltools.gnu-tools-for-stm32.9-2020-q2-update.win32_2.0.0.202105311346/tools/bin/../lib/gcc/arm-none-eabi/9.3.1/../../../../arm-none-eabi/lib/thumb/v6-m/nofp\libnosys.a
END GROUP
LOAD c:/st/stm32cubeide_1.7.0/stm32cubeide/plugins/com.st.stm32cube.ide.mcu.externaltools.gnu-tools-for-stm32.9-2020-q2-update.win32_2.0.0.202105311346/tools/bin/../lib/gcc/arm-none-eabi/9.3.1/thumb/v6-m/nofp/crtend.o
LOAD c:/st/stm32cubeide_1.7.0/stm32cubeide/plugins/com.st.stm32cube.ide.mcu.externaltools.gnu-tools-for-stm32.9-2020-q2-update.win32_2.0.0.202105311346/tools/bin/../lib/gcc/arm-none-eabi/9.3.1/thumb/v6-m/nofp/crtn.o
                0x0000000020002000                _estack = (ORIGIN (RAM) + LENGTH (RAM))
                0x0000000000000200                _Min_Heap_Size = 0x200
                0x0000000000000400                _Min_Stack_Size = 0x400

.isr_vector     0x0000000008000000       0xbc
                0x0000000008000000                . = ALIGN (0x4)
 *(.isr_vector)
 .isr_vector    0x0000000008000000       0xbc ./Core/Startup/startup_stm32g031k8tx.o
                0x0000000008000000                g_pfnVectors
                0x00000000080000bc                . = ALIGN (0x4)

.text           0x00000000080000bc      0xc74
                0x00000000080000bc                . = ALIGN (0x4)
 *(.text)
 .text          0x00000000080000bc       0x48 c:/st/stm32cubeide_1.7.0/stm32cubeide/plugins/com.st.stm32cube.ide.mcu.externaltools.gnu-tools-for-stm32.9-2020-q2-update.win32_2.0.0.202105311346/tools/bin/../lib/gcc/arm-none-eabi/9.3.1/thumb/v6-m/nofp/crtbegin.o
 .text          0x0000000008000104      0x114 c:/st/stm32cubeide_1.7.0/stm32cubeide/plugins/com.st.stm32cube.ide.mcu.externaltools.gnu-tools-for-stm32.9-2020-q2-update.win32_2.0.0.202105311346/tools/bin/../lib/gcc/arm-none-eabi/9.3.1/thumb/v6-m/nofp\libgcc.a(_udivsi3.o)
                0x0000000008000104                __aeabi_uidiv
                0x0000000008000104                __udivsi3
                0x0000000008000210                __aeabi_uidivmod
 .text          0x0000000008000218      0x1d4 c:/st/stm32cubeide_1.7.0/stm32cubeide/plugins/com.st.stm32cube.ide.mcu.externaltools.gnu-tools-for-stm32.9-2020-q2-update.win32_2.0.0.202105311346/tools/bin/../lib/gcc/arm-none-eabi/9.3.1/thumb/v6-m/nofp\libgcc.a(_divsi3.o)
                0x0000000008000218                __divsi3
                0x0000000008000218                __aeabi_idiv
                0x00000000080003e4                __aeabi_idivmod
 .text          0x00000000080003ec        0x4 c:/st/stm32cubeide_1.7.0/stm32cubeide/plugins/com.st.stm32cube.ide.mcu.externaltools.gnu-tools-for-stm32.9-2020-q2-update.win32_2.0.0.202105311346/tools/bin/../lib/gcc/arm-none-eabi/9.3.1/thumb/v6-m/nofp\libgcc.a(_dvmd_tls.o)
                0x00000000080003ec                __aeabi_idiv0
                0x00000000080003ec                __aeabi_ldiv0
 *(.text*)
 .text.__NVIC_SetPriority
                0x00000000080003f0       0xdc ./Core/Src/BSP.o
 .text.SysTick_Config
                0x00000000080004cc       0x48 ./Core/Src/BSP.o
 .text.BSP_systemInit
                0x0000000008000514       0x2c ./Core/Src/BSP.o
                0x0000000008000514                BSP_systemInit
 .text.BSP_initializeAndConfigSysTickTimer
                0x0000000008000540       0x28 ./Core/Src/BSP.o
                0x0000000008000540                BSP_initializeAndConfigSysTickTimer
 .text.BSP_initializeAndConfigClock
                0x0000000008000568        0xe ./Core/Src/BSP.o
                0x0000000008000568                BSP_initializeAndConfigClock
 *fill*         0x0000000008000576        0x2 
 .text.EXTI0_1_IRQHandler
                0x0000000008000578       0x30 ./Core/Src/main.o
                0x0000000008000578                EXTI0_1_IRQHandler
 .text.EXTI2_3_IRQHandler
                0x00000000080005a8       0x30 ./Core/Src/main.o
                0x00000000080005a8                EXTI2_3_IRQHandler
 .text.EXTI4_15_IRQHandler
                0x00000000080005d8       0x40 ./Core/Src/main.o
                0x00000000080005d8                EXTI4_15_IRQHandler
 .text.SysTick_Handler
                0x0000000008000618       0x34 ./Core/Src/main.o
                0x0000000008000618                SysTick_Handler
 .text.main     0x000000000800064c       0x10 ./Core/Src/main.o
                0x000000000800064c                main
 .text.doWorkForButtons
                0x000000000800065c       0xf0 ./Core/Src/main.o
                0x000000000800065c                doWorkForButtons
 .text.sysSet   0x000000000800074c       0x5c ./Core/Src/main.o
                0x000000000800074c                sysSet
 .text.setSignalDisp
                0x00000000080007a8       0x48 ./Core/Src/main.o
                0x00000000080007a8                setSignalDisp
 .text.setVar   0x00000000080007f0       0x40 ./Core/Src/main.o
                0x00000000080007f0                setVar
 .text.SSD_getDigits
                0x0000000008000830      0x130 ./Core/Src/sevensegment.o
                0x0000000008000830                SSD_getDigits
 .text.SSD_setSine
                0x0000000008000960       0x28 ./Core/Src/sevensegment.o
                0x0000000008000960                SSD_setSine
 .text.SSD_setTri
                0x0000000008000988       0x28 ./Core/Src/sevensegment.o
                0x0000000008000988                SSD_setTri
 .text.SSD_setSquare
                0x00000000080009b0       0x28 ./Core/Src/sevensegment.o
                0x00000000080009b0                SSD_setSquare
 .text.SSD_setRamp
                0x00000000080009d8       0x28 ./Core/Src/sevensegment.o
                0x00000000080009d8                SSD_setRamp
 .text.SSD_setWhiteNoise
                0x0000000008000a00       0x28 ./Core/Src/sevensegment.o
                0x0000000008000a00                SSD_setWhiteNoise
 .text.SSD_setRandDigital
                0x0000000008000a28       0x28 ./Core/Src/sevensegment.o
                0x0000000008000a28                SSD_setRandDigital
 .text.SSD_disp
                0x0000000008000a50       0x8c ./Core/Src/sevensegment.o
                0x0000000008000a50                SSD_disp
 .text.SSD_dispNumberDigit
                0x0000000008000adc       0x6c ./Core/Src/sevensegment.o
                0x0000000008000adc                SSD_dispNumberDigit
 .text.SSD_resetAllDigits
                0x0000000008000b48       0x4c ./Core/Src/sevensegment.o
                0x0000000008000b48                SSD_resetAllDigits
 .text.SSD_setDigit
                0x0000000008000b94       0x7c ./Core/Src/sevensegment.o
                0x0000000008000b94                SSD_setDigit
 .text.SSD_setRCC
                0x0000000008000c10       0x1c ./Core/Src/sevensegment.o
                0x0000000008000c10                SSD_setRCC
 .text.SSD_setMODER
                0x0000000008000c2c       0x50 ./Core/Src/sevensegment.o
                0x0000000008000c2c                SSD_setMODER
 .text.Reset_Handler
                0x0000000008000c7c       0x50 ./Core/Startup/startup_stm32g031k8tx.o
                0x0000000008000c7c                Reset_Handler
 .text.Default_Handler
                0x0000000008000ccc        0x2 ./Core/Startup/startup_stm32g031k8tx.o
                0x0000000008000ccc                TIM1_CC_IRQHandler
                0x0000000008000ccc                HardFault_Handler
                0x0000000008000ccc                PVD_IRQHandler
                0x0000000008000ccc                PendSV_Handler
                0x0000000008000ccc                NMI_Handler
                0x0000000008000ccc                I2C1_IRQHandler
                0x0000000008000ccc                LPTIM2_IRQHandler
                0x0000000008000ccc                RTC_TAMP_IRQHandler
                0x0000000008000ccc                SPI1_IRQHandler
                0x0000000008000ccc                DMA1_Ch4_5_DMAMUX1_OVR_IRQHandler
                0x0000000008000ccc                ADC1_IRQHandler
                0x0000000008000ccc                I2C2_IRQHandler
                0x0000000008000ccc                TIM17_IRQHandler
                0x0000000008000ccc                TIM16_IRQHandler
                0x0000000008000ccc                TIM3_IRQHandler
                0x0000000008000ccc                RCC_IRQHandler
                0x0000000008000ccc                DMA1_Channel1_IRQHandler
                0x0000000008000ccc                Default_Handler
                0x0000000008000ccc                TIM14_IRQHandler
                0x0000000008000ccc                SPI2_IRQHandler
                0x0000000008000ccc                SVC_Handler
                0x0000000008000ccc                WWDG_IRQHandler
                0x0000000008000ccc                LPUART1_IRQHandler
                0x0000000008000ccc                TIM2_IRQHandler
                0x0000000008000ccc                DMA1_Channel2_3_IRQHandler
                0x0000000008000ccc                USART2_IRQHandler
                0x0000000008000ccc                FLASH_IRQHandler
                0x0000000008000ccc                USART1_IRQHandler
                0x0000000008000ccc                TIM1_BRK_UP_TRG_COM_IRQHandler
                0x0000000008000ccc                LPTIM1_IRQHandler
 *fill*         0x0000000008000cce        0x2 
 .text.__libc_init_array
                0x0000000008000cd0       0x48 c:/st/stm32cubeide_1.7.0/stm32cubeide/plugins/com.st.stm32cube.ide.mcu.externaltools.gnu-tools-for-stm32.9-2020-q2-update.win32_2.0.0.202105311346/tools/bin/../lib/gcc/arm-none-eabi/9.3.1/../../../../arm-none-eabi/lib/thumb/v6-m/nofp\libc_nano.a(lib_a-init.o)
                0x0000000008000cd0                __libc_init_array
 *(.glue_7)
 .glue_7        0x0000000008000d18        0x0 linker stubs
 *(.glue_7t)
 .glue_7t       0x0000000008000d18        0x0 linker stubs
 *(.eh_frame)
 .eh_frame      0x0000000008000d18        0x0 c:/st/stm32cubeide_1.7.0/stm32cubeide/plugins/com.st.stm32cube.ide.mcu.externaltools.gnu-tools-for-stm32.9-2020-q2-update.win32_2.0.0.202105311346/tools/bin/../lib/gcc/arm-none-eabi/9.3.1/thumb/v6-m/nofp/crtbegin.o
 *(.init)
 .init          0x0000000008000d18        0x4 c:/st/stm32cubeide_1.7.0/stm32cubeide/plugins/com.st.stm32cube.ide.mcu.externaltools.gnu-tools-for-stm32.9-2020-q2-update.win32_2.0.0.202105311346/tools/bin/../lib/gcc/arm-none-eabi/9.3.1/thumb/v6-m/nofp/crti.o
                0x0000000008000d18                _init
 .init          0x0000000008000d1c        0x8 c:/st/stm32cubeide_1.7.0/stm32cubeide/plugins/com.st.stm32cube.ide.mcu.externaltools.gnu-tools-for-stm32.9-2020-q2-update.win32_2.0.0.202105311346/tools/bin/../lib/gcc/arm-none-eabi/9.3.1/thumb/v6-m/nofp/crtn.o
 *(.fini)
 .fini          0x0000000008000d24        0x4 c:/st/stm32cubeide_1.7.0/stm32cubeide/plugins/com.st.stm32cube.ide.mcu.externaltools.gnu-tools-for-stm32.9-2020-q2-update.win32_2.0.0.202105311346/tools/bin/../lib/gcc/arm-none-eabi/9.3.1/thumb/v6-m/nofp/crti.o
                0x0000000008000d24                _fini
 .fini          0x0000000008000d28        0x8 c:/st/stm32cubeide_1.7.0/stm32cubeide/plugins/com.st.stm32cube.ide.mcu.externaltools.gnu-tools-for-stm32.9-2020-q2-update.win32_2.0.0.202105311346/tools/bin/../lib/gcc/arm-none-eabi/9.3.1/thumb/v6-m/nofp/crtn.o
                0x0000000008000d30                . = ALIGN (0x4)
                0x0000000008000d30                _etext = .

.vfp11_veneer   0x0000000008000d30        0x0
 .vfp11_veneer  0x0000000008000d30        0x0 linker stubs

.v4_bx          0x0000000008000d30        0x0
 .v4_bx         0x0000000008000d30        0x0 linker stubs

.iplt           0x0000000008000d30        0x0
 .iplt          0x0000000008000d30        0x0 c:/st/stm32cubeide_1.7.0/stm32cubeide/plugins/com.st.stm32cube.ide.mcu.externaltools.gnu-tools-for-stm32.9-2020-q2-update.win32_2.0.0.202105311346/tools/bin/../lib/gcc/arm-none-eabi/9.3.1/thumb/v6-m/nofp/crtbegin.o

.rodata         0x0000000008000d30       0xc8
                0x0000000008000d30                . = ALIGN (0x4)
 *(.rodata)
 *(.rodata*)
 .rodata.doWorkForButtons
                0x0000000008000d30       0x3c ./Core/Src/main.o
 .rodata.setSignalDisp
                0x0000000008000d6c       0x18 ./Core/Src/main.o
 .rodata.LOOKUP
                0x0000000008000d84       0x74 ./Core/Src/sevensegment.o
                0x0000000008000df8                . = ALIGN (0x4)

.rel.dyn        0x0000000008000df8        0x0
 .rel.iplt      0x0000000008000df8        0x0 c:/st/stm32cubeide_1.7.0/stm32cubeide/plugins/com.st.stm32cube.ide.mcu.externaltools.gnu-tools-for-stm32.9-2020-q2-update.win32_2.0.0.202105311346/tools/bin/../lib/gcc/arm-none-eabi/9.3.1/thumb/v6-m/nofp/crtbegin.o

.ARM.extab      0x0000000008000df8        0x0
                0x0000000008000df8                . = ALIGN (0x4)
 *(.ARM.extab* .gnu.linkonce.armextab.*)
                0x0000000008000df8                . = ALIGN (0x4)

.ARM            0x0000000008000df8        0x0
                0x0000000008000df8                . = ALIGN (0x4)
                0x0000000008000df8                __exidx_start = .
 *(.ARM.exidx*)
                0x0000000008000df8                __exidx_end = .
                0x0000000008000df8                . = ALIGN (0x4)

.preinit_array  0x0000000008000df8        0x0
                0x0000000008000df8                . = ALIGN (0x4)
                0x0000000008000df8                PROVIDE (__preinit_array_start = .)
 *(.preinit_array*)
                0x0000000008000df8                PROVIDE (__preinit_array_end = .)
                0x0000000008000df8                . = ALIGN (0x4)

.init_array     0x0000000008000df8        0x4
                0x0000000008000df8                . = ALIGN (0x4)
                0x0000000008000df8                PROVIDE (__init_array_start = .)
 *(SORT_BY_NAME(.init_array.*))
 *(.init_array*)
 .init_array    0x0000000008000df8        0x4 c:/st/stm32cubeide_1.7.0/stm32cubeide/plugins/com.st.stm32cube.ide.mcu.externaltools.gnu-tools-for-stm32.9-2020-q2-update.win32_2.0.0.202105311346/tools/bin/../lib/gcc/arm-none-eabi/9.3.1/thumb/v6-m/nofp/crtbegin.o
                0x0000000008000dfc                PROVIDE (__init_array_end = .)
                0x0000000008000dfc                . = ALIGN (0x4)

.fini_array     0x0000000008000dfc        0x4
                0x0000000008000dfc                . = ALIGN (0x4)
                [!provide]                        PROVIDE (__fini_array_start = .)
 *(SORT_BY_NAME(.fini_array.*))
 *(.fini_array*)
 .fini_array    0x0000000008000dfc        0x4 c:/st/stm32cubeide_1.7.0/stm32cubeide/plugins/com.st.stm32cube.ide.mcu.externaltools.gnu-tools-for-stm32.9-2020-q2-update.win32_2.0.0.202105311346/tools/bin/../lib/gcc/arm-none-eabi/9.3.1/thumb/v6-m/nofp/crtbegin.o
                [!provide]                        PROVIDE (__fini_array_end = .)
                0x0000000008000e00                . = ALIGN (0x4)
                0x0000000008000e00                _sidata = LOADADDR (.data)

.data           0x0000000020000000       0x10 load address 0x0000000008000e00
                0x0000000020000000                . = ALIGN (0x4)
                0x0000000020000000                _sdata = .
 *(.data)
 *(.data*)
 .data.currentButton
                0x0000000020000000        0x1 ./Core/Src/main.o
                0x0000000020000000                currentButton
 *fill*         0x0000000020000001        0x3 
 .data.amp      0x0000000020000004        0x4 ./Core/Src/main.o
                0x0000000020000004                amp
 .data.freq     0x0000000020000008        0x4 ./Core/Src/main.o
                0x0000000020000008                freq
 .data.ct.7077  0x000000002000000c        0x1 ./Core/Src/main.o
 *(.RamFunc)
 *(.RamFunc*)
                0x0000000020000010                . = ALIGN (0x4)
 *fill*         0x000000002000000d        0x3 
                0x0000000020000010                _edata = .

.igot.plt       0x0000000020000010        0x0 load address 0x0000000008000e10
 .igot.plt      0x0000000020000010        0x0 c:/st/stm32cubeide_1.7.0/stm32cubeide/plugins/com.st.stm32cube.ide.mcu.externaltools.gnu-tools-for-stm32.9-2020-q2-update.win32_2.0.0.202105311346/tools/bin/../lib/gcc/arm-none-eabi/9.3.1/thumb/v6-m/nofp/crtbegin.o
                0x0000000020000010                . = ALIGN (0x4)

.bss            0x0000000020000010       0x34 load address 0x0000000008000e10
                0x0000000020000010                _sbss = .
                0x0000000020000010                __bss_start__ = _sbss
 *(.bss)
 .bss           0x0000000020000010       0x1c c:/st/stm32cubeide_1.7.0/stm32cubeide/plugins/com.st.stm32cube.ide.mcu.externaltools.gnu-tools-for-stm32.9-2020-q2-update.win32_2.0.0.202105311346/tools/bin/../lib/gcc/arm-none-eabi/9.3.1/thumb/v6-m/nofp/crtbegin.o
 *(.bss*)
 .bss.isInputAmp
                0x000000002000002c        0x1 ./Core/Src/main.o
                0x000000002000002c                isInputAmp
 .bss.isInputFreq
                0x000000002000002d        0x1 ./Core/Src/main.o
                0x000000002000002d                isInputFreq
 *fill*         0x000000002000002e        0x2 
 .bss.var       0x0000000020000030        0x4 ./Core/Src/main.o
                0x0000000020000030                var
 .bss.ar.7036   0x0000000020000034        0x1 ./Core/Src/sevensegment.o
 *(COMMON)
 *fill*         0x0000000020000035        0x3 
 COMMON         0x0000000020000038        0x8 ./Core/Src/BSP.o
                0x0000000020000038                SSD_numberDigits
 COMMON         0x0000000020000040        0x2 ./Core/Src/main.o
                0x0000000020000040                signal
                0x0000000020000041                displayMode
                0x0000000020000044                . = ALIGN (0x4)
 *fill*         0x0000000020000042        0x2 
                0x0000000020000044                _ebss = .
                0x0000000020000044                __bss_end__ = _ebss

._user_heap_stack
                0x0000000020000044      0x604 load address 0x0000000008000e10
                0x0000000020000048                . = ALIGN (0x8)
 *fill*         0x0000000020000044        0x4 
                [!provide]                        PROVIDE (end = .)
                [!provide]                        PROVIDE (_end = .)
                0x0000000020000248                . = (. + _Min_Heap_Size)
 *fill*         0x0000000020000048      0x200 
                0x0000000020000648                . = (. + _Min_Stack_Size)
 *fill*         0x0000000020000248      0x400 
                0x0000000020000648                . = ALIGN (0x8)

/DISCARD/
 libc.a(*)
 libm.a(*)
 libgcc.a(*)

.ARM.attributes
                0x0000000000000000       0x28
 *(.ARM.attributes)
 .ARM.attributes
                0x0000000000000000       0x1e c:/st/stm32cubeide_1.7.0/stm32cubeide/plugins/com.st.stm32cube.ide.mcu.externaltools.gnu-tools-for-stm32.9-2020-q2-update.win32_2.0.0.202105311346/tools/bin/../lib/gcc/arm-none-eabi/9.3.1/thumb/v6-m/nofp/crti.o
 .ARM.attributes
                0x000000000000001e       0x2c c:/st/stm32cubeide_1.7.0/stm32cubeide/plugins/com.st.stm32cube.ide.mcu.externaltools.gnu-tools-for-stm32.9-2020-q2-update.win32_2.0.0.202105311346/tools/bin/../lib/gcc/arm-none-eabi/9.3.1/thumb/v6-m/nofp/crtbegin.o
 .ARM.attributes
                0x000000000000004a       0x2c ./Core/Src/BSP.o
 .ARM.attributes
                0x0000000000000076       0x2c ./Core/Src/main.o
 .ARM.attributes
                0x00000000000000a2       0x2c ./Core/Src/sevensegment.o
 .ARM.attributes
                0x00000000000000ce       0x22 ./Core/Startup/startup_stm32g031k8tx.o
 .ARM.attributes
                0x00000000000000f0       0x2c c:/st/stm32cubeide_1.7.0/stm32cubeide/plugins/com.st.stm32cube.ide.mcu.externaltools.gnu-tools-for-stm32.9-2020-q2-update.win32_2.0.0.202105311346/tools/bin/../lib/gcc/arm-none-eabi/9.3.1/../../../../arm-none-eabi/lib/thumb/v6-m/nofp\libc_nano.a(lib_a-init.o)
 .ARM.attributes
                0x000000000000011c       0x1e c:/st/stm32cubeide_1.7.0/stm32cubeide/plugins/com.st.stm32cube.ide.mcu.externaltools.gnu-tools-for-stm32.9-2020-q2-update.win32_2.0.0.202105311346/tools/bin/../lib/gcc/arm-none-eabi/9.3.1/thumb/v6-m/nofp\libgcc.a(_udivsi3.o)
 .ARM.attributes
                0x000000000000013a       0x1e c:/st/stm32cubeide_1.7.0/stm32cubeide/plugins/com.st.stm32cube.ide.mcu.externaltools.gnu-tools-for-stm32.9-2020-q2-update.win32_2.0.0.202105311346/tools/bin/../lib/gcc/arm-none-eabi/9.3.1/thumb/v6-m/nofp\libgcc.a(_divsi3.o)
 .ARM.attributes
                0x0000000000000158       0x1e c:/st/stm32cubeide_1.7.0/stm32cubeide/plugins/com.st.stm32cube.ide.mcu.externaltools.gnu-tools-for-stm32.9-2020-q2-update.win32_2.0.0.202105311346/tools/bin/../lib/gcc/arm-none-eabi/9.3.1/thumb/v6-m/nofp\libgcc.a(_dvmd_tls.o)
 .ARM.attributes
                0x0000000000000176       0x1e c:/st/stm32cubeide_1.7.0/stm32cubeide/plugins/com.st.stm32cube.ide.mcu.externaltools.gnu-tools-for-stm32.9-2020-q2-update.win32_2.0.0.202105311346/tools/bin/../lib/gcc/arm-none-eabi/9.3.1/thumb/v6-m/nofp/crtn.o
OUTPUT(proje.elf elf32-littlearm)
LOAD linker stubs
LOAD c:/st/stm32cubeide_1.7.0/stm32cubeide/plugins/com.st.stm32cube.ide.mcu.externaltools.gnu-tools-for-stm32.9-2020-q2-update.win32_2.0.0.202105311346/tools/bin/../lib/gcc/arm-none-eabi/9.3.1/../../../../arm-none-eabi/lib/thumb/v6-m/nofp\libc.a
LOAD c:/st/stm32cubeide_1.7.0/stm32cubeide/plugins/com.st.stm32cube.ide.mcu.externaltools.gnu-tools-for-stm32.9-2020-q2-update.win32_2.0.0.202105311346/tools/bin/../lib/gcc/arm-none-eabi/9.3.1/../../../../arm-none-eabi/lib/thumb/v6-m/nofp\libm.a
LOAD c:/st/stm32cubeide_1.7.0/stm32cubeide/plugins/com.st.stm32cube.ide.mcu.externaltools.gnu-tools-for-stm32.9-2020-q2-update.win32_2.0.0.202105311346/tools/bin/../lib/gcc/arm-none-eabi/9.3.1/thumb/v6-m/nofp\libgcc.a

.debug_info     0x0000000000000000     0x3259
 .debug_info    0x0000000000000000     0x145d ./Core/Src/BSP.o
 .debug_info    0x000000000000145d      0xec0 ./Core/Src/main.o
 .debug_info    0x000000000000231d      0xf1a ./Core/Src/sevensegment.o
 .debug_info    0x0000000000003237       0x22 ./Core/Startup/startup_stm32g031k8tx.o

.debug_abbrev   0x0000000000000000      0x82b
 .debug_abbrev  0x0000000000000000      0x31e ./Core/Src/BSP.o
 .debug_abbrev  0x000000000000031e      0x278 ./Core/Src/main.o
 .debug_abbrev  0x0000000000000596      0x283 ./Core/Src/sevensegment.o
 .debug_abbrev  0x0000000000000819       0x12 ./Core/Startup/startup_stm32g031k8tx.o

.debug_aranges  0x0000000000000000      0x1a8
 .debug_aranges
                0x0000000000000000       0x88 ./Core/Src/BSP.o
 .debug_aranges
                0x0000000000000088       0x60 ./Core/Src/main.o
 .debug_aranges
                0x00000000000000e8       0x98 ./Core/Src/sevensegment.o
 .debug_aranges
                0x0000000000000180       0x28 ./Core/Startup/startup_stm32g031k8tx.o

.debug_ranges   0x0000000000000000      0x170
 .debug_ranges  0x0000000000000000       0x78 ./Core/Src/BSP.o
 .debug_ranges  0x0000000000000078       0x50 ./Core/Src/main.o
 .debug_ranges  0x00000000000000c8       0x88 ./Core/Src/sevensegment.o
 .debug_ranges  0x0000000000000150       0x20 ./Core/Startup/startup_stm32g031k8tx.o

.debug_macro    0x0000000000000000    0x13cd3
 .debug_macro   0x0000000000000000      0x2a5 ./Core/Src/BSP.o
 .debug_macro   0x00000000000002a5      0xa7e ./Core/Src/BSP.o
 .debug_macro   0x0000000000000d23       0x2e ./Core/Src/BSP.o
 .debug_macro   0x0000000000000d51       0x28 ./Core/Src/BSP.o
 .debug_macro   0x0000000000000d79       0x22 ./Core/Src/BSP.o
 .debug_macro   0x0000000000000d9b       0x8e ./Core/Src/BSP.o
 .debug_macro   0x0000000000000e29       0x51 ./Core/Src/BSP.o
 .debug_macro   0x0000000000000e7a      0x103 ./Core/Src/BSP.o
 .debug_macro   0x0000000000000f7d       0x6a ./Core/Src/BSP.o
 .debug_macro   0x0000000000000fe7      0x1df ./Core/Src/BSP.o
 .debug_macro   0x00000000000011c6       0x1c ./Core/Src/BSP.o
 .debug_macro   0x00000000000011e2       0x22 ./Core/Src/BSP.o
 .debug_macro   0x0000000000001204       0xd7 ./Core/Src/BSP.o
 .debug_macro   0x00000000000012db      0x4da ./Core/Src/BSP.o
 .debug_macro   0x00000000000017b5      0x11f ./Core/Src/BSP.o
 .debug_macro   0x00000000000018d4     0xa9cb ./Core/Src/BSP.o
 .debug_macro   0x000000000000c29f       0x66 ./Core/Src/BSP.o
 .debug_macro   0x000000000000c305      0x111 ./Core/Src/BSP.o
 .debug_macro   0x000000000000c416     0x34e5 ./Core/Src/BSP.o
 .debug_macro   0x000000000000f8fb      0x174 ./Core/Src/BSP.o
 .debug_macro   0x000000000000fa6f       0x5c ./Core/Src/BSP.o
 .debug_macro   0x000000000000facb      0x53b ./Core/Src/BSP.o
 .debug_macro   0x0000000000010006      0xf24 ./Core/Src/BSP.o
 .debug_macro   0x0000000000010f2a      0x1d8 ./Core/Src/BSP.o
 .debug_macro   0x0000000000011102      0x1d0 ./Core/Src/BSP.o
 .debug_macro   0x00000000000112d2      0x122 ./Core/Src/BSP.o
 .debug_macro   0x00000000000113f4      0x390 ./Core/Src/BSP.o
 .debug_macro   0x0000000000011784      0x202 ./Core/Src/BSP.o
 .debug_macro   0x0000000000011986      0x2ff ./Core/Src/BSP.o
 .debug_macro   0x0000000000011c85      0x1b2 ./Core/Src/BSP.o
 .debug_macro   0x0000000000011e37       0x43 ./Core/Src/BSP.o
 .debug_macro   0x0000000000011e7a      0x1f1 ./Core/Src/BSP.o
 .debug_macro   0x000000000001206b      0x1d7 ./Core/Src/BSP.o
 .debug_macro   0x0000000000012242      0x38a ./Core/Src/BSP.o
 .debug_macro   0x00000000000125cc       0x28 ./Core/Src/BSP.o
 .debug_macro   0x00000000000125f4       0xe4 ./Core/Src/BSP.o
 .debug_macro   0x00000000000126d8      0x10c ./Core/Src/BSP.o
 .debug_macro   0x00000000000127e4      0x240 ./Core/Src/BSP.o
 .debug_macro   0x0000000000012a24      0x49d ./Core/Src/BSP.o
 .debug_macro   0x0000000000012ec1       0x18 ./Core/Src/BSP.o
 .debug_macro   0x0000000000012ed9       0x52 ./Core/Src/BSP.o
 .debug_macro   0x0000000000012f2b       0x3c ./Core/Src/BSP.o
 .debug_macro   0x0000000000012f67       0x34 ./Core/Src/BSP.o
 .debug_macro   0x0000000000012f9b       0x16 ./Core/Src/BSP.o
 .debug_macro   0x0000000000012fb1       0x35 ./Core/Src/BSP.o
 .debug_macro   0x0000000000012fe6       0x16 ./Core/Src/BSP.o
 .debug_macro   0x0000000000012ffc       0x43 ./Core/Src/BSP.o
 .debug_macro   0x000000000001303f       0x34 ./Core/Src/BSP.o
 .debug_macro   0x0000000000013073       0x10 ./Core/Src/BSP.o
 .debug_macro   0x0000000000013083       0x58 ./Core/Src/BSP.o
 .debug_macro   0x00000000000130db       0x71 ./Core/Src/BSP.o
 .debug_macro   0x000000000001314c       0x1c ./Core/Src/BSP.o
 .debug_macro   0x0000000000013168      0x12a ./Core/Src/BSP.o
 .debug_macro   0x0000000000013292      0x333 ./Core/Src/BSP.o
 .debug_macro   0x00000000000135c5       0x16 ./Core/Src/BSP.o
 .debug_macro   0x00000000000135db       0x29 ./Core/Src/BSP.o
 .debug_macro   0x0000000000013604      0x11e ./Core/Src/BSP.o
 .debug_macro   0x0000000000013722       0x6a ./Core/Src/BSP.o
 .debug_macro   0x000000000001378c      0x2a5 ./Core/Src/main.o
 .debug_macro   0x0000000000013a31      0x2a2 ./Core/Src/sevensegment.o

.debug_line     0x0000000000000000     0x1ea2
 .debug_line    0x0000000000000000      0xa3f ./Core/Src/BSP.o
 .debug_line    0x0000000000000a3f      0x9a2 ./Core/Src/main.o
 .debug_line    0x00000000000013e1      0xa38 ./Core/Src/sevensegment.o
 .debug_line    0x0000000000001e19       0x89 ./Core/Startup/startup_stm32g031k8tx.o

.debug_str      0x0000000000000000    0x807e3
 .debug_str     0x0000000000000000    0x80466 ./Core/Src/BSP.o
                                      0x80a98 (size before relaxing)
 .debug_str     0x0000000000080466      0x219 ./Core/Src/main.o
                                      0x807e3 (size before relaxing)
 .debug_str     0x000000000008067f      0x12e ./Core/Src/sevensegment.o
                                      0x80640 (size before relaxing)
 .debug_str     0x00000000000807ad       0x36 ./Core/Startup/startup_stm32g031k8tx.o
                                         0x4b (size before relaxing)

.comment        0x0000000000000000       0x53
 .comment       0x0000000000000000       0x53 ./Core/Src/BSP.o
                                         0x54 (size before relaxing)
 .comment       0x0000000000000053       0x54 ./Core/Src/main.o
 .comment       0x0000000000000053       0x54 ./Core/Src/sevensegment.o

.debug_frame    0x0000000000000000      0x500
 .debug_frame   0x0000000000000000      0x1ac ./Core/Src/BSP.o
 .debug_frame   0x00000000000001ac      0x10c ./Core/Src/main.o
 .debug_frame   0x00000000000002b8      0x1dc ./Core/Src/sevensegment.o
 .debug_frame   0x0000000000000494       0x2c c:/st/stm32cubeide_1.7.0/stm32cubeide/plugins/com.st.stm32cube.ide.mcu.externaltools.gnu-tools-for-stm32.9-2020-q2-update.win32_2.0.0.202105311346/tools/bin/../lib/gcc/arm-none-eabi/9.3.1/../../../../arm-none-eabi/lib/thumb/v6-m/nofp\libc_nano.a(lib_a-init.o)
 .debug_frame   0x00000000000004c0       0x20 c:/st/stm32cubeide_1.7.0/stm32cubeide/plugins/com.st.stm32cube.ide.mcu.externaltools.gnu-tools-for-stm32.9-2020-q2-update.win32_2.0.0.202105311346/tools/bin/../lib/gcc/arm-none-eabi/9.3.1/thumb/v6-m/nofp\libgcc.a(_udivsi3.o)
 .debug_frame   0x00000000000004e0       0x20 c:/st/stm32cubeide_1.7.0/stm32cubeide/plugins/com.st.stm32cube.ide.mcu.externaltools.gnu-tools-for-stm32.9-2020-q2-update.win32_2.0.0.202105311346/tools/bin/../lib/gcc/arm-none-eabi/9.3.1/thumb/v6-m/nofp\libgcc.a(_divsi3.o)
