Archive member included to satisfy reference by file (symbol)

c:/st/stm32cubeide_1.7.0/stm32cubeide/plugins/com.st.stm32cube.ide.mcu.externaltools.gnu-tools-for-stm32.9-2020-q2-update.win32_2.0.0.202105311346/tools/bin/../lib/gcc/arm-none-eabi/9.3.1/../../../../arm-none-eabi/lib/thumb/v6-m/nofp\libc_nano.a(lib_a-errno.o)
                              ./Core/Src/syscalls.o (__errno)
c:/st/stm32cubeide_1.7.0/stm32cubeide/plugins/com.st.stm32cube.ide.mcu.externaltools.gnu-tools-for-stm32.9-2020-q2-update.win32_2.0.0.202105311346/tools/bin/../lib/gcc/arm-none-eabi/9.3.1/../../../../arm-none-eabi/lib/thumb/v6-m/nofp\libc_nano.a(lib_a-exit.o)
                              c:/st/stm32cubeide_1.7.0/stm32cubeide/plugins/com.st.stm32cube.ide.mcu.externaltools.gnu-tools-for-stm32.9-2020-q2-update.win32_2.0.0.202105311346/tools/bin/../lib/gcc/arm-none-eabi/9.3.1/../../../../arm-none-eabi/lib/thumb/v6-m/nofp/crt0.o (exit)
c:/st/stm32cubeide_1.7.0/stm32cubeide/plugins/com.st.stm32cube.ide.mcu.externaltools.gnu-tools-for-stm32.9-2020-q2-update.win32_2.0.0.202105311346/tools/bin/../lib/gcc/arm-none-eabi/9.3.1/../../../../arm-none-eabi/lib/thumb/v6-m/nofp\libc_nano.a(lib_a-impure.o)
                              c:/st/stm32cubeide_1.7.0/stm32cubeide/plugins/com.st.stm32cube.ide.mcu.externaltools.gnu-tools-for-stm32.9-2020-q2-update.win32_2.0.0.202105311346/tools/bin/../lib/gcc/arm-none-eabi/9.3.1/../../../../arm-none-eabi/lib/thumb/v6-m/nofp\libc_nano.a(lib_a-exit.o) (_global_impure_ptr)
c:/st/stm32cubeide_1.7.0/stm32cubeide/plugins/com.st.stm32cube.ide.mcu.externaltools.gnu-tools-for-stm32.9-2020-q2-update.win32_2.0.0.202105311346/tools/bin/../lib/gcc/arm-none-eabi/9.3.1/../../../../arm-none-eabi/lib/thumb/v6-m/nofp\libc_nano.a(lib_a-init.o)
                              c:/st/stm32cubeide_1.7.0/stm32cubeide/plugins/com.st.stm32cube.ide.mcu.externaltools.gnu-tools-for-stm32.9-2020-q2-update.win32_2.0.0.202105311346/tools/bin/../lib/gcc/arm-none-eabi/9.3.1/../../../../arm-none-eabi/lib/thumb/v6-m/nofp/crt0.o (__libc_init_array)
c:/st/stm32cubeide_1.7.0/stm32cubeide/plugins/com.st.stm32cube.ide.mcu.externaltools.gnu-tools-for-stm32.9-2020-q2-update.win32_2.0.0.202105311346/tools/bin/../lib/gcc/arm-none-eabi/9.3.1/../../../../arm-none-eabi/lib/thumb/v6-m/nofp\libc_nano.a(lib_a-memset.o)
                              c:/st/stm32cubeide_1.7.0/stm32cubeide/plugins/com.st.stm32cube.ide.mcu.externaltools.gnu-tools-for-stm32.9-2020-q2-update.win32_2.0.0.202105311346/tools/bin/../lib/gcc/arm-none-eabi/9.3.1/../../../../arm-none-eabi/lib/thumb/v6-m/nofp/crt0.o (memset)
c:/st/stm32cubeide_1.7.0/stm32cubeide/plugins/com.st.stm32cube.ide.mcu.externaltools.gnu-tools-for-stm32.9-2020-q2-update.win32_2.0.0.202105311346/tools/bin/../lib/gcc/arm-none-eabi/9.3.1/thumb/v6-m/nofp\libgcc.a(_udivsi3.o)
                              ./Core/Src/system_stm32g0xx.o (__aeabi_uidiv)
c:/st/stm32cubeide_1.7.0/stm32cubeide/plugins/com.st.stm32cube.ide.mcu.externaltools.gnu-tools-for-stm32.9-2020-q2-update.win32_2.0.0.202105311346/tools/bin/../lib/gcc/arm-none-eabi/9.3.1/thumb/v6-m/nofp\libgcc.a(_dvmd_tls.o)
                              c:/st/stm32cubeide_1.7.0/stm32cubeide/plugins/com.st.stm32cube.ide.mcu.externaltools.gnu-tools-for-stm32.9-2020-q2-update.win32_2.0.0.202105311346/tools/bin/../lib/gcc/arm-none-eabi/9.3.1/thumb/v6-m/nofp\libgcc.a(_udivsi3.o) (__aeabi_idiv0)

Allocating common symbols
Common symbol       size              file

uwTick              0x4               ./Drivers/STM32G0xx_HAL_Driver/Src/stm32g0xx_hal.o
millis              0x4               ./Core/Src/main.o

Discarded input sections

 .text          0x0000000000000000        0x0 c:/st/stm32cubeide_1.7.0/stm32cubeide/plugins/com.st.stm32cube.ide.mcu.externaltools.gnu-tools-for-stm32.9-2020-q2-update.win32_2.0.0.202105311346/tools/bin/../lib/gcc/arm-none-eabi/9.3.1/thumb/v6-m/nofp/crti.o
 .data          0x0000000000000000        0x0 c:/st/stm32cubeide_1.7.0/stm32cubeide/plugins/com.st.stm32cube.ide.mcu.externaltools.gnu-tools-for-stm32.9-2020-q2-update.win32_2.0.0.202105311346/tools/bin/../lib/gcc/arm-none-eabi/9.3.1/thumb/v6-m/nofp/crti.o
 .bss           0x0000000000000000        0x0 c:/st/stm32cubeide_1.7.0/stm32cubeide/plugins/com.st.stm32cube.ide.mcu.externaltools.gnu-tools-for-stm32.9-2020-q2-update.win32_2.0.0.202105311346/tools/bin/../lib/gcc/arm-none-eabi/9.3.1/thumb/v6-m/nofp/crti.o
 .data          0x0000000000000000        0x4 c:/st/stm32cubeide_1.7.0/stm32cubeide/plugins/com.st.stm32cube.ide.mcu.externaltools.gnu-tools-for-stm32.9-2020-q2-update.win32_2.0.0.202105311346/tools/bin/../lib/gcc/arm-none-eabi/9.3.1/thumb/v6-m/nofp/crtbegin.o
 .text          0x0000000000000000       0x80 c:/st/stm32cubeide_1.7.0/stm32cubeide/plugins/com.st.stm32cube.ide.mcu.externaltools.gnu-tools-for-stm32.9-2020-q2-update.win32_2.0.0.202105311346/tools/bin/../lib/gcc/arm-none-eabi/9.3.1/../../../../arm-none-eabi/lib/thumb/v6-m/nofp/crt0.o
[...]
Memory Configuration

Name             Origin             Length             Attributes
RAM              0x0000000020000000 0x0000000000002000 xrw
FLASH            0x0000000008000000 0x0000000000010000 xr
*default*        0x0000000000000000 0xffffffffffffffff

Linker script and memory map

LOAD c:/st/stm32cubeide_1.7.0/stm32cubeide/plugins/com.st.stm32cube.ide.mcu.externaltools.gnu-tools-for-stm32.9-2020-q2-update.win32_2.0.0.202105311346/tools/bin/../lib/gcc/arm-none-eabi/9.3.1/thumb/v6-m/nofp/crti.o
LOAD c:/st/stm32cubeide_1.7.0/stm32cubeide/plugins/com.st.stm32cube.ide.mcu.externaltools.gnu-tools-for-stm32.9-2020-q2-update.win32_2.0.0.202105311346/tools/bin/../lib/gcc/arm-none-eabi/9.3.1/thumb/v6-m/nofp/crtbegin.o
LOAD c:/st/stm32cubeide_1.7.0/stm32cubeide/plugins/com.st.stm32cube.ide.mcu.externaltools.gnu-tools-for-stm32.9-2020-q2-update.win32_2.0.0.202105311346/tools/bin/../lib/gcc/arm-none-eabi/9.3.1/../../../../arm-none-eabi/lib/thumb/v6-m/nofp/crt0.o
LOAD ./Core/Src/main.o
LOAD ./Core/Src/stm32g0xx_hal_msp.o
LOAD ./Core/Src/stm32g0xx_it.o
LOAD ./Core/Src/syscalls.o
LOAD ./Core/Src/sysmem.o
LOAD ./Core/Src/system_stm32g0xx.o
LOAD ./Core/Startup/startup_stm32g031k8tx.o
LOAD ./Drivers/STM32G0xx_HAL_Driver/Src/stm32g0xx_hal.o
LOAD ./Drivers/STM32G0xx_HAL_Driver/Src/stm32g0xx_hal_cortex.o
LOAD ./Drivers/STM32G0xx_HAL_Driver/Src/stm32g0xx_hal_dma.o
LOAD ./Drivers/STM32G0xx_HAL_Driver/Src/stm32g0xx_hal_dma_ex.o
LOAD ./Drivers/STM32G0xx_HAL_Driver/Src/stm32g0xx_hal_exti.o
LOAD ./Drivers/STM32G0xx_HAL_Driver/Src/stm32g0xx_hal_flash.o
LOAD ./Drivers/STM32G0xx_HAL_Driver/Src/stm32g0xx_hal_flash_ex.o
LOAD ./Drivers/STM32G0xx_HAL_Driver/Src/stm32g0xx_hal_gpio.o
LOAD ./Drivers/STM32G0xx_HAL_Driver/Src/stm32g0xx_hal_pwr.o
LOAD ./Drivers/STM32G0xx_HAL_Driver/Src/stm32g0xx_hal_pwr_ex.o
LOAD ./Drivers/STM32G0xx_HAL_Driver/Src/stm32g0xx_hal_rcc.o
LOAD ./Drivers/STM32G0xx_HAL_Driver/Src/stm32g0xx_hal_rcc_ex.o
LOAD ./Drivers/STM32G0xx_HAL_Driver/Src/stm32g0xx_hal_tim.o
LOAD ./Drivers/STM32G0xx_HAL_Driver/Src/stm32g0xx_hal_tim_ex.o
LOAD ./Drivers/STM32G0xx_HAL_Driver/Src/stm32g0xx_ll_dma.o
LOAD ./Drivers/STM32G0xx_HAL_Driver/Src/stm32g0xx_ll_rcc.o
START GROUP
LOAD c:/st/stm32cubeide_1.7.0/stm32cubeide/plugins/com.st.stm32cube.ide.mcu.externaltools.gnu-tools-for-stm32.9-2020-q2-update.win32_2.0.0.202105311346/tools/bin/../lib/gcc/arm-none-eabi/9.3.1/../../../../arm-none-eabi/lib/thumb/v6-m/nofp\libc_nano.a
LOAD c:/st/stm32cubeide_1.7.0/stm32cubeide/plugins/com.st.stm32cube.ide.mcu.externaltools.gnu-tools-for-stm32.9-2020-q2-update.win32_2.0.0.202105311346/tools/bin/../lib/gcc/arm-none-eabi/9.3.1/../../../../arm-none-eabi/lib/thumb/v6-m/nofp\libm.a
END GROUP
START GROUP
LOAD c:/st/stm32cubeide_1.7.0/stm32cubeide/plugins/com.st.stm32cube.ide.mcu.externaltools.gnu-tools-for-stm32.9-2020-q2-update.win32_2.0.0.202105311346/tools/bin/../lib/gcc/arm-none-eabi/9.3.1/thumb/v6-m/nofp\libgcc.a
LOAD c:/st/stm32cubeide_1.7.0/stm32cubeide/plugins/com.st.stm32cube.ide.mcu.externaltools.gnu-tools-for-stm32.9-2020-q2-update.win32_2.0.0.202105311346/tools/bin/../lib/gcc/arm-none-eabi/9.3.1/../../../../arm-none-eabi/lib/thumb/v6-m/nofp\libc_nano.a
END GROUP
START GROUP
LOAD c:/st/stm32cubeide_1.7.0/stm32cubeide/plugins/com.st.stm32cube.ide.mcu.externaltools.gnu-tools-for-stm32.9-2020-q2-update.win32_2.0.0.202105311346/tools/bin/../lib/gcc/arm-none-eabi/9.3.1/thumb/v6-m/nofp\libgcc.a
LOAD c:/st/stm32cubeide_1.7.0/stm32cubeide/plugins/com.st.stm32cube.ide.mcu.externaltools.gnu-tools-for-stm32.9-2020-q2-update.win32_2.0.0.202105311346/tools/bin/../lib/gcc/arm-none-eabi/9.3.1/../../../../arm-none-eabi/lib/thumb/v6-m/nofp\libc_nano.a
LOAD c:/st/stm32cubeide_1.7.0/stm32cubeide/plugins/com.st.stm32cube.ide.mcu.externaltools.gnu-tools-for-stm32.9-2020-q2-update.win32_2.0.0.202105311346/tools/bin/../lib/gcc/arm-none-eabi/9.3.1/../../../../arm-none-eabi/lib/thumb/v6-m/nofp\libnosys.a
END GROUP
START GROUP
LOAD c:/st/stm32cubeide_1.7.0/stm32cubeide/plugins/com.st.stm32cube.ide.mcu.externaltools.gnu-tools-for-stm32.9-2020-q2-update.win32_2.0.0.202105311346/tools/bin/../lib/gcc/arm-none-eabi/9.3.1/thumb/v6-m/nofp\libgcc.a
LOAD c:/st/stm32cubeide_1.7.0/stm32cubeide/plugins/com.st.stm32cube.ide.mcu.externaltools.gnu-tools-for-stm32.9-2020-q2-update.win32_2.0.0.202105311346/tools/bin/../lib/gcc/arm-none-eabi/9.3.1/../../../../arm-none-eabi/lib/thumb/v6-m/nofp\libc_nano.a
LOAD c:/st/stm32cubeide_1.7.0/stm32cubeide/plugins/com.st.stm32cube.ide.mcu.externaltools.gnu-tools-for-stm32.9-2020-q2-update.win32_2.0.0.202105311346/tools/bin/../lib/gcc/arm-none-eabi/9.3.1/../../../../arm-none-eabi/lib/thumb/v6-m/nofp\libnosys.a
END GROUP
LOAD c:/st/stm32cubeide_1.7.0/stm32cubeide/plugins/com.st.stm32cube.ide.mcu.externaltools.gnu-tools-for-stm32.9-2020-q2-update.win32_2.0.0.202105311346/tools/bin/../lib/gcc/arm-none-eabi/9.3.1/thumb/v6-m/nofp/crtend.o
LOAD c:/st/stm32cubeide_1.7.0/stm32cubeide/plugins/com.st.stm32cube.ide.mcu.externaltools.gnu-tools-for-stm32.9-2020-q2-update.win32_2.0.0.202105311346/tools/bin/../lib/gcc/arm-none-eabi/9.3.1/thumb/v6-m/nofp/crtn.o
                0x0000000020002000                _estack = (ORIGIN (RAM) + LENGTH (RAM))
                0x0000000000000200                _Min_Heap_Size = 0x200
                0x0000000000000400                _Min_Stack_Size = 0x400

.isr_vector     0x0000000008000000       0xbc
                0x0000000008000000                . = ALIGN (0x4)
 *(.isr_vector)
 .isr_vector    0x0000000008000000       0xbc ./Core/Startup/startup_stm32g031k8tx.o
                0x0000000008000000                g_pfnVectors
                0x00000000080000bc                . = ALIGN (0x4)

.text           0x00000000080000bc      0x838
                0x00000000080000bc                . = ALIGN (0x4)
 *(.text)
 .text          0x00000000080000bc       0x48 c:/st/stm32cubeide_1.7.0/stm32cubeide/plugins/com.st.stm32cube.ide.mcu.externaltools.gnu-tools-for-stm32.9-2020-q2-update.win32_2.0.0.202105311346/tools/bin/../lib/gcc/arm-none-eabi/9.3.1/thumb/v6-m/nofp/crtbegin.o
 *(.text*)
 .text.__NVIC_EnableIRQ
                0x0000000008000104       0x34 ./Core/Src/main.o
 .text.__NVIC_SetPriority
                0x0000000008000138       0xdc ./Core/Src/main.o
 .text.durum    0x0000000008000214       0x94 ./Core/Src/main.o
                0x0000000008000214                durum
 .text.buton    0x00000000080002a8       0x2e ./Core/Src/main.o
                0x00000000080002a8                buton
 *fill*         0x00000000080002d6        0x2 
 .text.systickinit
                0x00000000080002d8       0x64 ./Core/Src/main.o
                0x00000000080002d8                systickinit
 .text.SysTick_Handler
                0x000000000800033c       0xa4 ./Core/Src/main.o
                0x000000000800033c                SysTick_Handler
 .text.segment1
                0x00000000080003e0       0x74 ./Core/Src/main.o
                0x00000000080003e0                segment1
 .text.segment2
                0x0000000008000454       0x80 ./Core/Src/main.o
                0x0000000008000454                segment2
 .text.segment3
                0x00000000080004d4       0x74 ./Core/Src/main.o
                0x00000000080004d4                segment3
 .text.segment4
                0x0000000008000548       0x74 ./Core/Src/main.o
                0x0000000008000548                segment4
 .text.display  0x00000000080005bc       0x70 ./Core/Src/main.o
                0x00000000080005bc                display
 .text.delay    0x000000000800062c       0x20 ./Core/Src/main.o
                0x000000000800062c                delay
 .text.main     0x000000000800064c      0x1c8 ./Core/Src/main.o
                0x000000000800064c                main
 .text.NMI_Handler
                0x0000000008000814        0x6 ./Core/Src/stm32g0xx_it.o
                0x0000000008000814                NMI_Handler
 .text.HardFault_Handler
                0x000000000800081a        0x6 ./Core/Src/stm32g0xx_it.o
                0x000000000800081a                HardFault_Handler
 .text.SVC_Handler
                0x0000000008000820        0xa ./Core/Src/stm32g0xx_it.o
                0x0000000008000820                SVC_Handler
 .text.PendSV_Handler
                0x000000000800082a        0xa ./Core/Src/stm32g0xx_it.o
                0x000000000800082a                PendSV_Handler
 .text.SystemInit
                0x0000000008000834        0xa ./Core/Src/system_stm32g0xx.o
                0x0000000008000834                SystemInit
 *fill*         0x000000000800083e        0x2 
 .text.Reset_Handler
                0x0000000008000840       0x50 ./Core/Startup/startup_stm32g031k8tx.o
                0x0000000008000840                Reset_Handler
 .text.Default_Handler
                0x0000000008000890        0x2 ./Core/Startup/startup_stm32g031k8tx.o
                0x0000000008000890                TIM1_CC_IRQHandler
                0x0000000008000890                PVD_IRQHandler
                0x0000000008000890                I2C1_IRQHandler
                0x0000000008000890                LPTIM2_IRQHandler
                0x0000000008000890                RTC_TAMP_IRQHandler
                0x0000000008000890                SPI1_IRQHandler
                0x0000000008000890                DMA1_Ch4_5_DMAMUX1_OVR_IRQHandler
                0x0000000008000890                EXTI2_3_IRQHandler
                0x0000000008000890                ADC1_IRQHandler
                0x0000000008000890                I2C2_IRQHandler
                0x0000000008000890                TIM17_IRQHandler
                0x0000000008000890                TIM16_IRQHandler
                0x0000000008000890                TIM3_IRQHandler
                0x0000000008000890                EXTI4_15_IRQHandler
                0x0000000008000890                RCC_IRQHandler
                0x0000000008000890                DMA1_Channel1_IRQHandler
                0x0000000008000890                Default_Handler
                0x0000000008000890                TIM14_IRQHandler
                0x0000000008000890                EXTI0_1_IRQHandler
                0x0000000008000890                SPI2_IRQHandler
                0x0000000008000890                WWDG_IRQHandler
                0x0000000008000890                LPUART1_IRQHandler
                0x0000000008000890                TIM2_IRQHandler
                0x0000000008000890                DMA1_Channel2_3_IRQHandler
                0x0000000008000890                USART2_IRQHandler
                0x0000000008000890                FLASH_IRQHandler
                0x0000000008000890                USART1_IRQHandler
                0x0000000008000890                TIM1_BRK_UP_TRG_COM_IRQHandler
                0x0000000008000890                LPTIM1_IRQHandler
 *fill*         0x0000000008000892        0x2 
 .text.__libc_init_array
                0x0000000008000894       0x48 c:/st/stm32cubeide_1.7.0/stm32cubeide/plugins/com.st.stm32cube.ide.mcu.externaltools.gnu-tools-for-stm32.9-2020-q2-update.win32_2.0.0.202105311346/tools/bin/../lib/gcc/arm-none-eabi/9.3.1/../../../../arm-none-eabi/lib/thumb/v6-m/nofp\libc_nano.a(lib_a-init.o)
                0x0000000008000894                __libc_init_array
 *(.glue_7)
 .glue_7        0x00000000080008dc        0x0 linker stubs
 *(.glue_7t)
 .glue_7t       0x00000000080008dc        0x0 linker stubs
 *(.eh_frame)
 .eh_frame      0x00000000080008dc        0x0 c:/st/stm32cubeide_1.7.0/stm32cubeide/plugins/com.st.stm32cube.ide.mcu.externaltools.gnu-tools-for-stm32.9-2020-q2-update.win32_2.0.0.202105311346/tools/bin/../lib/gcc/arm-none-eabi/9.3.1/thumb/v6-m/nofp/crtbegin.o
 *(.init)
 .init          0x00000000080008dc        0x4 c:/st/stm32cubeide_1.7.0/stm32cubeide/plugins/com.st.stm32cube.ide.mcu.externaltools.gnu-tools-for-stm32.9-2020-q2-update.win32_2.0.0.202105311346/tools/bin/../lib/gcc/arm-none-eabi/9.3.1/thumb/v6-m/nofp/crti.o
                0x00000000080008dc                _init
 .init          0x00000000080008e0        0x8 c:/st/stm32cubeide_1.7.0/stm32cubeide/plugins/com.st.stm32cube.ide.mcu.externaltools.gnu-tools-for-stm32.9-2020-q2-update.win32_2.0.0.202105311346/tools/bin/../lib/gcc/arm-none-eabi/9.3.1/thumb/v6-m/nofp/crtn.o
 *(.fini)
 .fini          0x00000000080008e8        0x4 c:/st/stm32cubeide_1.7.0/stm32cubeide/plugins/com.st.stm32cube.ide.mcu.externaltools.gnu-tools-for-stm32.9-2020-q2-update.win32_2.0.0.202105311346/tools/bin/../lib/gcc/arm-none-eabi/9.3.1/thumb/v6-m/nofp/crti.o
                0x00000000080008e8                _fini
 .fini          0x00000000080008ec        0x8 c:/st/stm32cubeide_1.7.0/stm32cubeide/plugins/com.st.stm32cube.ide.mcu.externaltools.gnu-tools-for-stm32.9-2020-q2-update.win32_2.0.0.202105311346/tools/bin/../lib/gcc/arm-none-eabi/9.3.1/thumb/v6-m/nofp/crtn.o
                0x00000000080008f4                . = ALIGN (0x4)
                0x00000000080008f4                _etext = .

.vfp11_veneer   0x00000000080008f4        0x0
 .vfp11_veneer  0x00000000080008f4        0x0 linker stubs

.v4_bx          0x00000000080008f4        0x0
 .v4_bx         0x00000000080008f4        0x0 linker stubs

.iplt           0x00000000080008f4        0x0
 .iplt          0x00000000080008f4        0x0 c:/st/stm32cubeide_1.7.0/stm32cubeide/plugins/com.st.stm32cube.ide.mcu.externaltools.gnu-tools-for-stm32.9-2020-q2-update.win32_2.0.0.202105311346/tools/bin/../lib/gcc/arm-none-eabi/9.3.1/thumb/v6-m/nofp/crtbegin.o

.rel.dyn        0x00000000080008f4        0x0
 .rel.iplt      0x00000000080008f4        0x0 c:/st/stm32cubeide_1.7.0/stm32cubeide/plugins/com.st.stm32cube.ide.mcu.externaltools.gnu-tools-for-stm32.9-2020-q2-update.win32_2.0.0.202105311346/tools/bin/../lib/gcc/arm-none-eabi/9.3.1/thumb/v6-m/nofp/crtbegin.o

.rodata         0x00000000080008f4        0x0
                0x00000000080008f4                . = ALIGN (0x4)
 *(.rodata)
 *(.rodata*)
                0x00000000080008f4                . = ALIGN (0x4)

.ARM.extab      0x00000000080008f4        0x0
                0x00000000080008f4                . = ALIGN (0x4)
 *(.ARM.extab* .gnu.linkonce.armextab.*)
                0x00000000080008f4                . = ALIGN (0x4)

.ARM            0x00000000080008f4        0x0
                0x00000000080008f4                . = ALIGN (0x4)
                0x00000000080008f4                __exidx_start = .
 *(.ARM.exidx*)
                0x00000000080008f4                __exidx_end = .
                0x00000000080008f4                . = ALIGN (0x4)

.preinit_array  0x00000000080008f4        0x0
                0x00000000080008f4                . = ALIGN (0x4)
                0x00000000080008f4                PROVIDE (__preinit_array_start = .)
 *(.preinit_array*)
                0x00000000080008f4                PROVIDE (__preinit_array_end = .)
                0x00000000080008f4                . = ALIGN (0x4)

.init_array     0x00000000080008f4        0x4
                0x00000000080008f4                . = ALIGN (0x4)
                0x00000000080008f4                PROVIDE (__init_array_start = .)
 *(SORT_BY_NAME(.init_array.*))
 *(.init_array*)
 .init_array    0x00000000080008f4        0x4 c:/st/stm32cubeide_1.7.0/stm32cubeide/plugins/com.st.stm32cube.ide.mcu.externaltools.gnu-tools-for-stm32.9-2020-q2-update.win32_2.0.0.202105311346/tools/bin/../lib/gcc/arm-none-eabi/9.3.1/thumb/v6-m/nofp/crtbegin.o
                0x00000000080008f8                PROVIDE (__init_array_end = .)
                0x00000000080008f8                . = ALIGN (0x4)

.fini_array     0x00000000080008f8        0x4
                0x00000000080008f8                . = ALIGN (0x4)
                [!provide]                        PROVIDE (__fini_array_start = .)
 *(SORT_BY_NAME(.fini_array.*))
 *(.fini_array*)
 .fini_array    0x00000000080008f8        0x4 c:/st/stm32cubeide_1.7.0/stm32cubeide/plugins/com.st.stm32cube.ide.mcu.externaltools.gnu-tools-for-stm32.9-2020-q2-update.win32_2.0.0.202105311346/tools/bin/../lib/gcc/arm-none-eabi/9.3.1/thumb/v6-m/nofp/crtbegin.o
                [!provide]                        PROVIDE (__fini_array_end = .)
                0x00000000080008fc                . = ALIGN (0x4)
                0x00000000080008fc                _sidata = LOADADDR (.data)

.data           0x0000000020000000       0xc4 load address 0x00000000080008fc
                0x0000000020000000                . = ALIGN (0x4)
                0x0000000020000000                _sdata = .
 *(.data)
 *(.data*)
 .data.LEDDELAY1
                0x0000000020000000        0x4 ./Core/Src/main.o
                0x0000000020000000                LEDDELAY1
 .data.dakika2  0x0000000020000004       0x28 ./Core/Src/main.o
                0x0000000020000004                dakika2
 .data.kontrol  0x000000002000002c       0x10 ./Core/Src/main.o
                0x000000002000002c                kontrol
 .data.dakika1  0x000000002000003c       0x28 ./Core/Src/main.o
                0x000000002000003c                dakika1
 .data.saniye2  0x0000000020000064       0x28 ./Core/Src/main.o
                0x0000000020000064                saniye2
 .data.saniye1  0x000000002000008c       0x28 ./Core/Src/main.o
                0x000000002000008c                saniye1
 .data.i        0x00000000200000b4        0x4 ./Core/Src/main.o
                0x00000000200000b4                i
 .data.j        0x00000000200000b8        0x4 ./Core/Src/main.o
                0x00000000200000b8                j
 .data.k        0x00000000200000bc        0x4 ./Core/Src/main.o
                0x00000000200000bc                k
 .data.l        0x00000000200000c0        0x4 ./Core/Src/main.o
                0x00000000200000c0                l
 *(.RamFunc)
 *(.RamFunc*)
                0x00000000200000c4                . = ALIGN (0x4)
                0x00000000200000c4                _edata = .

.igot.plt       0x00000000200000c4        0x0 load address 0x00000000080009c0
 .igot.plt      0x00000000200000c4        0x0 c:/st/stm32cubeide_1.7.0/stm32cubeide/plugins/com.st.stm32cube.ide.mcu.externaltools.gnu-tools-for-stm32.9-2020-q2-update.win32_2.0.0.202105311346/tools/bin/../lib/gcc/arm-none-eabi/9.3.1/thumb/v6-m/nofp/crtbegin.o
                0x00000000200000c4                . = ALIGN (0x4)

.bss            0x00000000200000c4       0x20 load address 0x00000000080009c0
                0x00000000200000c4                _sbss = .
                0x00000000200000c4                __bss_start__ = _sbss
 *(.bss)
 .bss           0x00000000200000c4       0x1c c:/st/stm32cubeide_1.7.0/stm32cubeide/plugins/com.st.stm32cube.ide.mcu.externaltools.gnu-tools-for-stm32.9-2020-q2-update.win32_2.0.0.202105311346/tools/bin/../lib/gcc/arm-none-eabi/9.3.1/thumb/v6-m/nofp/crtbegin.o
 *(.bss*)
 .bss.currentMod
                0x00000000200000e0        0x4 ./Core/Src/main.o
                0x00000000200000e0                currentMod
 *(COMMON)
                0x00000000200000e4                . = ALIGN (0x4)
                0x00000000200000e4                _ebss = .
                0x00000000200000e4                __bss_end__ = _ebss

._user_heap_stack
                0x00000000200000e4      0x604 load address 0x00000000080009c0
                0x00000000200000e8                . = ALIGN (0x8)
 *fill*         0x00000000200000e4        0x4 
                [!provide]                        PROVIDE (end = .)
                0x00000000200000e8                PROVIDE (_end = .)
                0x00000000200002e8                . = (. + _Min_Heap_Size)
 *fill*         0x00000000200000e8      0x200 
                0x00000000200006e8                . = (. + _Min_Stack_Size)
 *fill*         0x00000000200002e8      0x400 
                0x00000000200006e8                . = ALIGN (0x8)

/DISCARD/
 libc.a(*)
 libm.a(*)
 libgcc.a(*)

.ARM.attributes
                0x0000000000000000       0x28
 *(.ARM.attributes)
 .ARM.attributes
                0x0000000000000000       0x1e c:/st/stm32cubeide_1.7.0/stm32cubeide/plugins/com.st.stm32cube.ide.mcu.externaltools.gnu-tools-for-stm32.9-2020-q2-update.win32_2.0.0.202105311346/tools/bin/../lib/gcc/arm-none-eabi/9.3.1/thumb/v6-m/nofp/crti.o
 .ARM.attributes
                0x000000000000001e       0x2c c:/st/stm32cubeide_1.7.0/stm32cubeide/plugins/com.st.stm32cube.ide.mcu.externaltools.gnu-tools-for-stm32.9-2020-q2-update.win32_2.0.0.202105311346/tools/bin/../lib/gcc/arm-none-eabi/9.3.1/thumb/v6-m/nofp/crtbegin.o
 .ARM.attributes
                0x000000000000004a       0x2c ./Core/Src/main.o
 .ARM.attributes
                0x0000000000000076       0x2c ./Core/Src/stm32g0xx_it.o
 .ARM.attributes
                0x00000000000000a2       0x2c ./Core/Src/system_stm32g0xx.o
 .ARM.attributes
                0x00000000000000ce       0x22 ./Core/Startup/startup_stm32g031k8tx.o
 .ARM.attributes
                0x00000000000000f0       0x2c c:/st/stm32cubeide_1.7.0/stm32cubeide/plugins/com.st.stm32cube.ide.mcu.externaltools.gnu-tools-for-stm32.9-2020-q2-update.win32_2.0.0.202105311346/tools/bin/../lib/gcc/arm-none-eabi/9.3.1/../../../../arm-none-eabi/lib/thumb/v6-m/nofp\libc_nano.a(lib_a-init.o)
 .ARM.attributes
                0x000000000000011c       0x1e c:/st/stm32cubeide_1.7.0/stm32cubeide/plugins/com.st.stm32cube.ide.mcu.externaltools.gnu-tools-for-stm32.9-2020-q2-update.win32_2.0.0.202105311346/tools/bin/../lib/gcc/arm-none-eabi/9.3.1/thumb/v6-m/nofp/crtn.o
OUTPUT(lab4soru3.elf elf32-littlearm)
LOAD linker stubs
LOAD c:/st/stm32cubeide_1.7.0/stm32cubeide/plugins/com.st.stm32cube.ide.mcu.externaltools.gnu-tools-for-stm32.9-2020-q2-update.win32_2.0.0.202105311346/tools/bin/../lib/gcc/arm-none-eabi/9.3.1/../../../../arm-none-eabi/lib/thumb/v6-m/nofp\libc.a
LOAD c:/st/stm32cubeide_1.7.0/stm32cubeide/plugins/com.st.stm32cube.ide.mcu.externaltools.gnu-tools-for-stm32.9-2020-q2-update.win32_2.0.0.202105311346/tools/bin/../lib/gcc/arm-none-eabi/9.3.1/../../../../arm-none-eabi/lib/thumb/v6-m/nofp\libm.a
LOAD c:/st/stm32cubeide_1.7.0/stm32cubeide/plugins/com.st.stm32cube.ide.mcu.externaltools.gnu-tools-for-stm32.9-2020-q2-update.win32_2.0.0.202105311346/tools/bin/../lib/gcc/arm-none-eabi/9.3.1/thumb/v6-m/nofp\libgcc.a

.debug_info     0x0000000000000000     0x19e4
 .debug_info    0x0000000000000000     0x12f2 ./Core/Src/main.o
 .debug_info    0x00000000000012f2      0x284 ./Core/Src/stm32g0xx_it.o
 .debug_info    0x0000000000001576      0x44c ./Core/Src/system_stm32g0xx.o
 .debug_info    0x00000000000019c2       0x22 ./Core/Startup/startup_stm32g031k8tx.o

.debug_abbrev   0x0000000000000000      0x5dd
 .debug_abbrev  0x0000000000000000      0x363 ./Core/Src/main.o
 .debug_abbrev  0x0000000000000363      0x103 ./Core/Src/stm32g0xx_it.o
 .debug_abbrev  0x0000000000000466      0x165 ./Core/Src/system_stm32g0xx.o
 .debug_abbrev  0x00000000000005cb       0x12 ./Core/Startup/startup_stm32g031k8tx.o

.debug_aranges  0x0000000000000000      0x118
 .debug_aranges
                0x0000000000000000       0x88 ./Core/Src/main.o
 .debug_aranges
                0x0000000000000088       0x40 ./Core/Src/stm32g0xx_it.o
 .debug_aranges
                0x00000000000000c8       0x28 ./Core/Src/system_stm32g0xx.o
 .debug_aranges
                0x00000000000000f0       0x28 ./Core/Startup/startup_stm32g031k8tx.o

.debug_ranges   0x0000000000000000       0xe0
 .debug_ranges  0x0000000000000000       0x78 ./Core/Src/main.o
 .debug_ranges  0x0000000000000078       0x30 ./Core/Src/stm32g0xx_it.o
 .debug_ranges  0x00000000000000a8       0x18 ./Core/Src/system_stm32g0xx.o
 .debug_ranges  0x00000000000000c0       0x20 ./Core/Startup/startup_stm32g031k8tx.o

.debug_macro    0x0000000000000000    0x13d41
 .debug_macro   0x0000000000000000      0x316 ./Core/Src/main.o
 .debug_macro   0x0000000000000316      0xa7e ./Core/Src/main.o
 .debug_macro   0x0000000000000d94       0x2e ./Core/Src/main.o
 .debug_macro   0x0000000000000dc2       0x28 ./Core/Src/main.o
 .debug_macro   0x0000000000000dea       0x22 ./Core/Src/main.o
 .debug_macro   0x0000000000000e0c       0x8e ./Core/Src/main.o
 .debug_macro   0x0000000000000e9a       0x51 ./Core/Src/main.o
 .debug_macro   0x0000000000000eeb      0x103 ./Core/Src/main.o
 .debug_macro   0x0000000000000fee       0x6a ./Core/Src/main.o
 .debug_macro   0x0000000000001058      0x1df ./Core/Src/main.o
 .debug_macro   0x0000000000001237       0x1c ./Core/Src/main.o
 .debug_macro   0x0000000000001253       0x22 ./Core/Src/main.o
 .debug_macro   0x0000000000001275       0xd7 ./Core/Src/main.o
 .debug_macro   0x000000000000134c      0x4da ./Core/Src/main.o
 .debug_macro   0x0000000000001826      0x11f ./Core/Src/main.o
 .debug_macro   0x0000000000001945     0xa9cb ./Core/Src/main.o
 .debug_macro   0x000000000000c310       0x66 ./Core/Src/main.o
 .debug_macro   0x000000000000c376      0x111 ./Core/Src/main.o
 .debug_macro   0x000000000000c487     0x34e5 ./Core/Src/main.o
 .debug_macro   0x000000000000f96c      0x174 ./Core/Src/main.o
 .debug_macro   0x000000000000fae0       0x5c ./Core/Src/main.o
 .debug_macro   0x000000000000fb3c      0x53b ./Core/Src/main.o
 .debug_macro   0x0000000000010077      0xf24 ./Core/Src/main.o
 .debug_macro   0x0000000000010f9b      0x1d8 ./Core/Src/main.o
 .debug_macro   0x0000000000011173      0x1d0 ./Core/Src/main.o
 .debug_macro   0x0000000000011343      0x122 ./Core/Src/main.o
 .debug_macro   0x0000000000011465      0x390 ./Core/Src/main.o
 .debug_macro   0x00000000000117f5      0x202 ./Core/Src/main.o
 .debug_macro   0x00000000000119f7      0x2ff ./Core/Src/main.o
 .debug_macro   0x0000000000011cf6      0x1b2 ./Core/Src/main.o
 .debug_macro   0x0000000000011ea8       0x43 ./Core/Src/main.o
 .debug_macro   0x0000000000011eeb      0x1f1 ./Core/Src/main.o
 .debug_macro   0x00000000000120dc      0x1d7 ./Core/Src/main.o
 .debug_macro   0x00000000000122b3      0x38a ./Core/Src/main.o
 .debug_macro   0x000000000001263d       0x28 ./Core/Src/main.o
 .debug_macro   0x0000000000012665       0xe4 ./Core/Src/main.o
 .debug_macro   0x0000000000012749      0x10c ./Core/Src/main.o
 .debug_macro   0x0000000000012855      0x240 ./Core/Src/main.o
 .debug_macro   0x0000000000012a95      0x49d ./Core/Src/main.o
 .debug_macro   0x0000000000012f32       0x52 ./Core/Src/main.o
 .debug_macro   0x0000000000012f84       0x18 ./Core/Src/main.o
 .debug_macro   0x0000000000012f9c       0x3c ./Core/Src/main.o
 .debug_macro   0x0000000000012fd8       0x34 ./Core/Src/main.o
 .debug_macro   0x000000000001300c       0x16 ./Core/Src/main.o
 .debug_macro   0x0000000000013022       0x35 ./Core/Src/main.o
 .debug_macro   0x0000000000013057      0x333 ./Core/Src/main.o
 .debug_macro   0x000000000001338a       0x10 ./Core/Src/main.o
 .debug_macro   0x000000000001339a       0x16 ./Core/Src/main.o
 .debug_macro   0x00000000000133b0       0x43 ./Core/Src/main.o
 .debug_macro   0x00000000000133f3       0x34 ./Core/Src/main.o
 .debug_macro   0x0000000000013427       0x10 ./Core/Src/main.o
 .debug_macro   0x0000000000013437       0x58 ./Core/Src/main.o
 .debug_macro   0x000000000001348f       0x71 ./Core/Src/main.o
 .debug_macro   0x0000000000013500       0x1c ./Core/Src/main.o
 .debug_macro   0x000000000001351c      0x12a ./Core/Src/main.o
 .debug_macro   0x0000000000013646       0x10 ./Core/Src/main.o
 .debug_macro   0x0000000000013656       0x1c ./Core/Src/main.o
 .debug_macro   0x0000000000013672       0x52 ./Core/Src/main.o
 .debug_macro   0x00000000000136c4       0x22 ./Core/Src/main.o
 .debug_macro   0x00000000000136e6       0x10 ./Core/Src/main.o
 .debug_macro   0x00000000000136f6       0x40 ./Core/Src/main.o
 .debug_macro   0x0000000000013736       0xd5 ./Core/Src/main.o
 .debug_macro   0x000000000001380b       0x1c ./Core/Src/main.o
 .debug_macro   0x0000000000013827       0x3d ./Core/Src/main.o
 .debug_macro   0x0000000000013864       0x16 ./Core/Src/main.o
 .debug_macro   0x000000000001387a      0x145 ./Core/Src/main.o
 .debug_macro   0x00000000000139bf      0x1cb ./Core/Src/stm32g0xx_it.o
 .debug_macro   0x0000000000013b8a      0x1b7 ./Core/Src/system_stm32g0xx.o

.debug_line     0x0000000000000000     0x1ac1
 .debug_line    0x0000000000000000      0xc16 ./Core/Src/main.o
 .debug_line    0x0000000000000c16      0x70a ./Core/Src/stm32g0xx_it.o
 .debug_line    0x0000000000001320      0x718 ./Core/Src/system_stm32g0xx.o
 .debug_line    0x0000000000001a38       0x89 ./Core/Startup/startup_stm32g031k8tx.o

.debug_str      0x0000000000000000    0x80963
 .debug_str     0x0000000000000000    0x8085b ./Core/Src/main.o
                                      0x80e31 (size before relaxing)
 .debug_str     0x000000000008085b       0x70 ./Core/Src/stm32g0xx_it.o
                                      0x7c996 (size before relaxing)
 .debug_str     0x00000000000808cb       0x62 ./Core/Src/system_stm32g0xx.o
                                      0x7ca35 (size before relaxing)
 .debug_str     0x000000000008092d       0x36 ./Core/Startup/startup_stm32g031k8tx.o
                                         0x4f (size before relaxing)

.comment        0x0000000000000000       0x53
 .comment       0x0000000000000000       0x53 ./Core/Src/main.o
                                         0x54 (size before relaxing)
 .comment       0x0000000000000053       0x54 ./Core/Src/stm32g0xx_it.o
 .comment       0x0000000000000053       0x54 ./Core/Src/system_stm32g0xx.o

.debug_frame    0x0000000000000000      0x2d0
 .debug_frame   0x0000000000000000      0x1bc ./Core/Src/main.o
 .debug_frame   0x00000000000001bc       0x9c ./Core/Src/stm32g0xx_it.o
 .debug_frame   0x0000000000000258       0x4c ./Core/Src/system_stm32g0xx.o
 .debug_frame   0x00000000000002a4       0x2c c:/st/stm32cubeide_1.7.0/stm32cubeide/plugins/com.st.stm32cube.ide.mcu.externaltools.gnu-tools-for-stm32.9-2020-q2-update.win32_2.0.0.202105311346/tools/bin/../lib/gcc/arm-none-eabi/9.3.1/../../../../arm-none-eabi/lib/thumb/v6-m/nofp\libc_nano.a(lib_a-init.o)
